Component: ARM Compiler 5.05 (build 41) Tool: armlink [4d0eb9]

==============================================================================

Section Cross References

    stm32f3_discovery.o(i.BSP_LED_Init) refers to stm32f3xx_hal_gpio.o(i.HAL_GPIO_Init) for HAL_GPIO_Init
    stm32f3_discovery.o(i.BSP_LED_Init) refers to stm32f3xx_hal_gpio.o(i.HAL_GPIO_WritePin) for HAL_GPIO_WritePin
    stm32f3_discovery.o(i.BSP_LED_Init) refers to stm32f3_discovery.o(.constdata) for .constdata
    stm32f3_discovery.o(i.BSP_LED_Init) refers to stm32f3_discovery.o(.data) for .data
    stm32f3_discovery.o(i.BSP_LED_Off) refers to stm32f3xx_hal_gpio.o(i.HAL_GPIO_WritePin) for HAL_GPIO_WritePin
    stm32f3_discovery.o(i.BSP_LED_Off) refers to stm32f3_discovery.o(.constdata) for .constdata
    stm32f3_discovery.o(i.BSP_LED_Off) refers to stm32f3_discovery.o(.data) for .data
    stm32f3_discovery.o(i.BSP_LED_On) refers to stm32f3xx_hal_gpio.o(i.HAL_GPIO_WritePin) for HAL_GPIO_WritePin
    stm32f3_discovery.o(i.BSP_LED_On) refers to stm32f3_discovery.o(.constdata) for .constdata
    stm32f3_discovery.o(i.BSP_LED_On) refers to stm32f3_discovery.o(.data) for .data
    stm32f3_discovery.o(i.BSP_LED_Toggle) refers to stm32f3xx_hal_gpio.o(i.HAL_GPIO_TogglePin) for HAL_GPIO_TogglePin
    stm32f3_discovery.o(i.BSP_LED_Toggle) refers to stm32f3_discovery.o(.constdata) for .constdata
    stm32f3_discovery.o(i.BSP_LED_Toggle) refers to stm32f3_discovery.o(.data) for .data
    stm32f3_discovery.o(i.BSP_PB_GetState) refers to stm32f3xx_hal_gpio.o(i.HAL_GPIO_ReadPin) for HAL_GPIO_ReadPin
    stm32f3_discovery.o(i.BSP_PB_GetState) refers to stm32f3_discovery.o(.constdata) for .constdata
    stm32f3_discovery.o(i.BSP_PB_GetState) refers to stm32f3_discovery.o(.data) for .data
    stm32f3_discovery.o(i.BSP_PB_Init) refers to stm32f3xx_hal_gpio.o(i.HAL_GPIO_Init) for HAL_GPIO_Init
    stm32f3_discovery.o(i.BSP_PB_Init) refers to stm32f3xx_hal_cortex.o(i.HAL_NVIC_SetPriority) for HAL_NVIC_SetPriority
    stm32f3_discovery.o(i.BSP_PB_Init) refers to stm32f3xx_hal_cortex.o(i.HAL_NVIC_EnableIRQ) for HAL_NVIC_EnableIRQ
    stm32f3_discovery.o(i.BSP_PB_Init) refers to stm32f3_discovery.o(.constdata) for .constdata
    stm32f3_discovery.o(i.BSP_PB_Init) refers to stm32f3_discovery.o(.data) for .data
    stm32f3_discovery.o(i.COMPASSACCELERO_IO_ITConfig) refers to stm32f3xx_hal_gpio.o(i.HAL_GPIO_Init) for HAL_GPIO_Init
    stm32f3_discovery.o(i.COMPASSACCELERO_IO_ITConfig) refers to stm32f3xx_hal_cortex.o(i.HAL_NVIC_SetPriority) for HAL_NVIC_SetPriority
    stm32f3_discovery.o(i.COMPASSACCELERO_IO_ITConfig) refers to stm32f3xx_hal_cortex.o(i.HAL_NVIC_EnableIRQ) for HAL_NVIC_EnableIRQ
    stm32f3_discovery.o(i.COMPASSACCELERO_IO_Init) refers to stm32f3xx_hal_gpio.o(i.HAL_GPIO_Init) for HAL_GPIO_Init
    stm32f3_discovery.o(i.COMPASSACCELERO_IO_Init) refers to stm32f3xx_hal_cortex.o(i.HAL_NVIC_SetPriority) for HAL_NVIC_SetPriority
    stm32f3_discovery.o(i.COMPASSACCELERO_IO_Init) refers to stm32f3xx_hal_cortex.o(i.HAL_NVIC_EnableIRQ) for HAL_NVIC_EnableIRQ
    stm32f3_discovery.o(i.COMPASSACCELERO_IO_Init) refers to stm32f3_discovery.o(i.I2Cx_Init) for I2Cx_Init
    stm32f3_discovery.o(i.COMPASSACCELERO_IO_Read) refers to stm32f3xx_hal_i2c.o(i.HAL_I2C_Mem_Read) for HAL_I2C_Mem_Read
    stm32f3_discovery.o(i.COMPASSACCELERO_IO_Read) refers to stm32f3_discovery.o(i.I2Cx_Error) for I2Cx_Error
    stm32f3_discovery.o(i.COMPASSACCELERO_IO_Read) refers to stm32f3_discovery.o(.data) for .data
    stm32f3_discovery.o(i.COMPASSACCELERO_IO_Read) refers to stm32f3_discovery.o(.bss) for .bss
    stm32f3_discovery.o(i.COMPASSACCELERO_IO_Write) refers to stm32f3xx_hal_i2c.o(i.HAL_I2C_Mem_Write) for HAL_I2C_Mem_Write
    stm32f3_discovery.o(i.COMPASSACCELERO_IO_Write) refers to stm32f3_discovery.o(i.I2Cx_Error) for I2Cx_Error
    stm32f3_discovery.o(i.COMPASSACCELERO_IO_Write) refers to stm32f3_discovery.o(.data) for .data
    stm32f3_discovery.o(i.COMPASSACCELERO_IO_Write) refers to stm32f3_discovery.o(.bss) for .bss
    stm32f3_discovery.o(i.I2Cx_Error) refers to stm32f3xx_hal_i2c.o(i.HAL_I2C_DeInit) for HAL_I2C_DeInit
    stm32f3_discovery.o(i.I2Cx_Error) refers to stm32f3_discovery.o(i.I2Cx_Init) for I2Cx_Init
    stm32f3_discovery.o(i.I2Cx_Error) refers to stm32f3_discovery.o(.bss) for .bss
    stm32f3_discovery.o(i.I2Cx_Init) refers to stm32f3xx_hal_i2c.o(i.HAL_I2C_GetState) for HAL_I2C_GetState
    stm32f3_discovery.o(i.I2Cx_Init) refers to stm32f3xx_hal_gpio.o(i.HAL_GPIO_Init) for HAL_GPIO_Init
    stm32f3_discovery.o(i.I2Cx_Init) refers to stm32f3xx_hal_i2c.o(i.HAL_I2C_Init) for HAL_I2C_Init
    stm32f3_discovery.o(i.I2Cx_Init) refers to stm32f3_discovery.o(.bss) for .bss
    system_stm32f3xx.o(i.SystemCoreClockUpdate) refers to system_stm32f3xx.o(.data) for .data
    stm32f3xx_hal.o(i.HAL_DeInit) refers to stm32f3xx_hal.o(i.HAL_MspDeInit) for HAL_MspDeInit
[...]
    main.o(i.PWM2_Init_Start) refers to system_stm32f3xx.o(.data) for SystemCoreClock
    main.o(i.PWM2_Init_Start) refers to main.o(.bss) for .bss
    main.o(i.PWM2_Set_SingleEdge) refers to stm32f3xx_hal_tim_ex.o(i.HAL_TIM_PWM_ConfigChannel) for HAL_TIM_PWM_ConfigChannel
    main.o(i.PWM2_Set_SingleEdge) refers to stm32f3xx_hal_tim.o(i.HAL_TIM_PWM_Start) for HAL_TIM_PWM_Start
    main.o(i.PWM2_Set_SingleEdge) refers to main.o(.bss) for .bss
    main.o(i.QEI1_GetPosition) refers to main.o(.bss) for .bss
    main.o(i.QEI1_Init_Start) refers to stm32f3xx_hal_tim.o(i.HAL_TIM_Encoder_Init) for HAL_TIM_Encoder_Init
    main.o(i.QEI1_Init_Start) refers to stm32f3xx_hal_tim.o(i.HAL_TIM_Encoder_Start) for HAL_TIM_Encoder_Start
    main.o(i.QEI1_Init_Start) refers to main.o(.bss) for .bss
    main.o(i.QEI1_Reset) refers to main.o(.bss) for .bss
    main.o(i.QEI2_GetPosition) refers to main.o(.bss) for .bss
    main.o(i.QEI2_Init_Start) refers to stm32f3xx_hal_tim.o(i.HAL_TIM_Encoder_Init) for HAL_TIM_Encoder_Init
    main.o(i.QEI2_Init_Start) refers to stm32f3xx_hal_tim.o(i.HAL_TIM_Encoder_Start) for HAL_TIM_Encoder_Start
    main.o(i.QEI2_Init_Start) refers to main.o(.bss) for .bss
    main.o(i.QEI2_Reset) refers to main.o(.bss) for .bss
    main.o(i.loop1) refers to f2d.o(.text) for __aeabi_f2d
    main.o(i.loop1) refers to dadd.o(.text) for __aeabi_dadd
    main.o(i.loop1) refers to d2f.o(.text) for __aeabi_d2f
    main.o(i.loop1) refers to stm32f3xx_hal_gpio.o(i.HAL_GPIO_TogglePin) for HAL_GPIO_TogglePin
    main.o(i.loop1) refers to main.o(.data) for .data
    main.o(i.loop2) refers to main.o(i.QEI1_GetPosition) for QEI1_GetPosition
    main.o(i.loop2) refers to main.o(i.QEI2_GetPosition) for QEI2_GetPosition
    main.o(i.loop2) refers to stm32f3xx_hal_gpio.o(i.HAL_GPIO_TogglePin) for HAL_GPIO_TogglePin
    main.o(i.loop2) refers to main.o(.data) for .data
    main.o(i.main) refers to stm32f3xx_hal.o(i.HAL_Init) for HAL_Init
    main.o(i.main) refers to stm32f3xx_hal_rcc_ex.o(i.HAL_RCC_OscConfig) for HAL_RCC_OscConfig
    main.o(i.main) refers to stm32f3xx_hal_rcc.o(i.HAL_RCC_ClockConfig) for HAL_RCC_ClockConfig
    main.o(i.main) refers to main.o(i.QEI1_Init_Start) for QEI1_Init_Start
    main.o(i.main) refers to main.o(i.QEI2_Init_Start) for QEI2_Init_Start
    main.o(i.main) refers to main.o(i.GPIO_Init) for GPIO_Init
    main.o(i.main) refers to stm32f3xx_hal_gpio.o(i.HAL_GPIO_WritePin) for HAL_GPIO_WritePin
    main.o(i.main) refers to main.o(i.PWM1_Init_Start) for PWM1_Init_Start
    main.o(i.main) refers to main.o(i.PWM2_Init_Start) for PWM2_Init_Start
    main.o(i.main) refers to main.o(i.PWM1_Set_SingleEdge) for PWM1_Set_SingleEdge
    main.o(i.main) refers to main.o(i.PWM2_Set_SingleEdge) for PWM2_Set_SingleEdge
    main.o(i.main) refers to main.o(i.QEI1_Reset) for QEI1_Reset
    main.o(i.main) refers to main.o(i.QEI2_Reset) for QEI2_Reset
    main.o(i.main) refers to main.o(i.Looptimer1_Int_Start) for Looptimer1_Int_Start
    main.o(i.main) refers to main.o(i.Looptimer2_Int_Start) for Looptimer2_Int_Start
    main.o(i.main) refers to main.o(i.Looptimer3_Int_Start) for Looptimer3_Int_Start
    main.o(i.main) refers to main.o(i.loop1) for loop1
    main.o(i.main) refers to main.o(i.loop2) for loop2
    main.o(i.main) refers to main.o(.data) for .data
    stm32f3xx_hal_msp.o(i.HAL_TIM_Base_MspInit) refers to stm32f3xx_hal_cortex.o(i.HAL_NVIC_SetPriority) for HAL_NVIC_SetPriority
    stm32f3xx_hal_msp.o(i.HAL_TIM_Base_MspInit) refers to stm32f3xx_hal_cortex.o(i.HAL_NVIC_EnableIRQ) for HAL_NVIC_EnableIRQ
    stm32f3xx_hal_msp.o(i.HAL_TIM_Encoder_MspInit) refers to stm32f3xx_hal_gpio.o(i.HAL_GPIO_Init) for HAL_GPIO_Init
    stm32f3xx_hal_msp.o(i.HAL_TIM_PWM_MspInit) refers to stm32f3xx_hal_gpio.o(i.HAL_GPIO_Init) for HAL_GPIO_Init
    stm32f3xx_it.o(i.SysTick_Handler) refers to stm32f3xx_hal.o(i.HAL_IncTick) for HAL_IncTick
    stm32f3xx_it.o(i.TIM1_BRK_TIM15_IRQHandler) refers to stm32f3xx_hal_tim.o(i.HAL_TIM_IRQHandler) for HAL_TIM_IRQHandler
    stm32f3xx_it.o(i.TIM1_BRK_TIM15_IRQHandler) refers to main.o(.bss) for TimHandle2
    stm32f3xx_it.o(i.TIM1_BRK_TIM15_IRQHandler) refers to main.o(.data) for LOOP1_flag
    stm32f3xx_it.o(i.TIM1_UP_TIM16_IRQHandler) refers to stm32f3xx_hal_tim.o(i.HAL_TIM_IRQHandler) for HAL_TIM_IRQHandler
    stm32f3xx_it.o(i.TIM1_UP_TIM16_IRQHandler) refers to main.o(.bss) for TimHandle3
    stm32f3xx_it.o(i.TIM1_UP_TIM16_IRQHandler) refers to main.o(.data) for LOOP2_flag
    stm32f3xx_it.o(i.TIM7_IRQHandler) refers to stm32f3xx_hal_tim.o(i.HAL_TIM_IRQHandler) for HAL_TIM_IRQHandler
    stm32f3xx_it.o(i.TIM7_IRQHandler) refers to stm32f3xx_hal_gpio.o(i.HAL_GPIO_ReadPin) for HAL_GPIO_ReadPin
    stm32f3xx_it.o(i.TIM7_IRQHandler) refers to stm32f3xx_hal_gpio.o(i.HAL_GPIO_WritePin) for HAL_GPIO_WritePin
    stm32f3xx_it.o(i.TIM7_IRQHandler) refers to main.o(i.PWM1_Set_SingleEdge) for PWM1_Set_SingleEdge
    stm32f3xx_it.o(i.TIM7_IRQHandler) refers to stm32f3xx_hal_gpio.o(i.HAL_GPIO_TogglePin) for HAL_GPIO_TogglePin
    stm32f3xx_it.o(i.TIM7_IRQHandler) refers to main.o(i.PWM2_Set_SingleEdge) for PWM2_Set_SingleEdge
    stm32f3xx_it.o(i.TIM7_IRQHandler) refers to main.o(.bss) for TimHandle1
    stm32f3xx_it.o(i.TIM7_IRQHandler) refers to main.o(.data) for Hall_1
    entry.o(.ARM.Collect$$$$00000000) refers (Special) to entry10a.o(.ARM.Collect$$$$0000000D) for __rt_final_cpp
    entry.o(.ARM.Collect$$$$00000000) refers (Special) to entry11a.o(.ARM.Collect$$$$0000000F) for __rt_final_exit
    entry.o(.ARM.Collect$$$$00000000) refers (Special) to entry7b.o(.ARM.Collect$$$$00000008) for _main_clock
    entry.o(.ARM.Collect$$$$00000000) refers (Special) to entry8b.o(.ARM.Collect$$$$0000000A) for _main_cpp_init
    entry.o(.ARM.Collect$$$$00000000) refers (Special) to entry9a.o(.ARM.Collect$$$$0000000B) for _main_init
    entry.o(.ARM.Collect$$$$00000000) refers (Special) to entry5.o(.ARM.Collect$$$$00000004) for _main_scatterload
    entry.o(.ARM.Collect$$$$00000000) refers (Special) to entry2.o(.ARM.Collect$$$$00000001) for _main_stk
    dadd.o(.text) refers (Special) to iusefp.o(.text) for __I$use$fp
    dadd.o(.text) refers to llshl.o(.text) for __aeabi_llsl
    dadd.o(.text) refers to llsshr.o(.text) for __aeabi_lasr
    dadd.o(.text) refers to depilogue.o(.text) for _double_epilogue
    f2d.o(.text) refers (Special) to iusefp.o(.text) for __I$use$fp
    d2f.o(.text) refers (Special) to iusefp.o(.text) for __I$use$fp
    d2f.o(.text) refers to fepilogue.o(.text) for _float_round
    entry2.o(.ARM.Collect$$$$00000001) refers to entry2.o(.ARM.Collect$$$$00002712) for __lit__00000000
    entry2.o(.ARM.Collect$$$$00002712) refers to startup_stm32f303xc.o(STACK) for __initial_sp
    entry2.o(__vectab_stack_and_reset_area) refers to startup_stm32f303xc.o(STACK) for __initial_sp
    entry2.o(__vectab_stack_and_reset_area) refers to entry.o(.ARM.Collect$$$$00000000) for __main
    entry5.o(.ARM.Collect$$$$00000004) refers to init.o(.text) for __scatterload
    entry9a.o(.ARM.Collect$$$$0000000B) refers to main.o(i.main) for main
    entry9b.o(.ARM.Collect$$$$0000000C) refers to main.o(i.main) for main
    depilogue.o(.text) refers to llshl.o(.text) for __aeabi_llsl
    depilogue.o(.text) refers to llushr.o(.text) for __aeabi_llsr
    init.o(.text) refers to entry5.o(.ARM.Collect$$$$00000004) for __main_after_scatterload


==============================================================================

Removing Unused input sections from the image.

    Removing stm32f3_discovery.o(.rev16_text), (4 bytes).
    Removing stm32f3_discovery.o(.revsh_text), (4 bytes).
    Removing stm32f3_discovery.o(i.BSP_GetVersion), (8 bytes).
    Removing stm32f3_discovery.o(i.BSP_LED_Init), (108 bytes).
    Removing stm32f3_discovery.o(i.BSP_LED_Off), (28 bytes).
    Removing stm32f3_discovery.o(i.BSP_LED_On), (28 bytes).
    Removing stm32f3_discovery.o(i.BSP_LED_Toggle), (24 bytes).
    Removing stm32f3_discovery.o(i.BSP_PB_GetState), (24 bytes).
    Removing stm32f3_discovery.o(i.BSP_PB_Init), (132 bytes).
    Removing stm32f3_discovery.o(i.COMPASSACCELERO_IO_ITConfig), (72 bytes).
    Removing stm32f3_discovery.o(i.COMPASSACCELERO_IO_Init), (96 bytes).
    Removing stm32f3_discovery.o(i.COMPASSACCELERO_IO_Read), (52 bytes).
    Removing stm32f3_discovery.o(i.COMPASSACCELERO_IO_Write), (48 bytes).
    Removing stm32f3_discovery.o(i.I2Cx_Error), (20 bytes).
    Removing stm32f3_discovery.o(i.I2Cx_Init), (116 bytes).
    Removing stm32f3_discovery.o(.bss), (56 bytes).
    Removing stm32f3_discovery.o(.constdata), (20 bytes).
    Removing stm32f3_discovery.o(.data), (40 bytes).
    Removing system_stm32f3xx.o(.rev16_text), (4 bytes).
    Removing system_stm32f3xx.o(.revsh_text), (4 bytes).
    Removing system_stm32f3xx.o(i.SystemCoreClockUpdate), (108 bytes).
    Removing stm32f3xx_hal.o(.rev16_text), (4 bytes).
    Removing stm32f3xx_hal.o(.revsh_text), (4 bytes).
    Removing stm32f3xx_hal.o(i.HAL_DeInit), (36 bytes).
    Removing stm32f3xx_hal.o(i.HAL_Delay), (22 bytes).
    Removing stm32f3xx_hal.o(i.HAL_DisableDBGSleepMode), (16 bytes).
    Removing stm32f3xx_hal.o(i.HAL_DisableDBGStandbyMode), (16 bytes).
    Removing stm32f3xx_hal.o(i.HAL_DisableDBGStopMode), (16 bytes).
    Removing stm32f3xx_hal.o(i.HAL_EnableDBGSleepMode), (16 bytes).
    Removing stm32f3xx_hal.o(i.HAL_EnableDBGStandbyMode), (16 bytes).
    Removing stm32f3xx_hal.o(i.HAL_EnableDBGStopMode), (16 bytes).
    Removing stm32f3xx_hal.o(i.HAL_GetDEVID), (16 bytes).
    Removing stm32f3xx_hal.o(i.HAL_GetHalVersion), (8 bytes).
    Removing stm32f3xx_hal.o(i.HAL_GetREVID), (12 bytes).
    Removing stm32f3xx_hal.o(i.HAL_MspDeInit), (2 bytes).
    Removing stm32f3xx_hal.o(i.HAL_ResumeTick), (14 bytes).
    Removing stm32f3xx_hal.o(i.HAL_SuspendTick), (14 bytes).
    Removing stm32f3xx_hal_cortex.o(.rev16_text), (4 bytes).
    Removing stm32f3xx_hal_cortex.o(.revsh_text), (4 bytes).
    Removing stm32f3xx_hal_cortex.o(i.HAL_NVIC_ClearPendingIRQ), (22 bytes).
    Removing stm32f3xx_hal_cortex.o(i.HAL_NVIC_DisableIRQ), (22 bytes).
    Removing stm32f3xx_hal_cortex.o(i.HAL_NVIC_GetActive), (32 bytes).
    Removing stm32f3xx_hal_cortex.o(i.HAL_NVIC_GetPendingIRQ), (32 bytes).
    Removing stm32f3xx_hal_cortex.o(i.HAL_NVIC_GetPriority), (82 bytes).
    Removing stm32f3xx_hal_cortex.o(i.HAL_NVIC_GetPriorityGrouping), (16 bytes).
    Removing stm32f3xx_hal_cortex.o(i.HAL_NVIC_SetPendingIRQ), (22 bytes).
    Removing stm32f3xx_hal_cortex.o(i.HAL_NVIC_SystemReset), (32 bytes).
    Removing stm32f3xx_hal_cortex.o(i.HAL_SYSTICK_CLKSourceConfig), (24 bytes).
    Removing stm32f3xx_hal_cortex.o(i.HAL_SYSTICK_Callback), (2 bytes).
    Removing stm32f3xx_hal_cortex.o(i.HAL_SYSTICK_IRQHandler), (8 bytes).
    Removing stm32f3xx_hal_dma.o(.rev16_text), (4 bytes).
    Removing stm32f3xx_hal_dma.o(.revsh_text), (4 bytes).
    Removing stm32f3xx_hal_dma.o(i.DMA_SetConfig), (30 bytes).
    Removing stm32f3xx_hal_dma.o(i.HAL_DMA_Abort), (86 bytes).
    Removing stm32f3xx_hal_dma.o(i.HAL_DMA_DeInit), (680 bytes).
    Removing stm32f3xx_hal_dma.o(i.HAL_DMA_GetError), (4 bytes).
    Removing stm32f3xx_hal_dma.o(i.HAL_DMA_GetState), (6 bytes).
    Removing stm32f3xx_hal_dma.o(i.HAL_DMA_IRQHandler), (1208 bytes).
    Removing stm32f3xx_hal_dma.o(i.HAL_DMA_Init), (68 bytes).
    Removing stm32f3xx_hal_dma.o(i.HAL_DMA_PollForTransfer), (1140 bytes).
    Removing stm32f3xx_hal_dma.o(i.HAL_DMA_Start), (58 bytes).
    Removing stm32f3xx_hal_dma.o(i.HAL_DMA_Start_IT), (88 bytes).
    Removing stm32f3xx_hal_flash.o(.rev16_text), (4 bytes).
    Removing stm32f3xx_hal_flash.o(.revsh_text), (4 bytes).
    Removing stm32f3xx_hal_flash.o(i.FLASH_PageErase), (32 bytes).
    Removing stm32f3xx_hal_flash.o(i.FLASH_Program_HalfWord), (24 bytes).
    Removing stm32f3xx_hal_flash.o(i.FLASH_SetErrorCode), (40 bytes).
    Removing stm32f3xx_hal_flash.o(i.FLASH_WaitForLastOperation), (68 bytes).
    Removing stm32f3xx_hal_flash.o(i.HAL_FLASH_EndOfOperationCallback), (2 bytes).
    Removing stm32f3xx_hal_flash.o(i.HAL_FLASH_GetError), (12 bytes).
    Removing stm32f3xx_hal_flash.o(i.HAL_FLASH_IRQHandler), (224 bytes).
    Removing stm32f3xx_hal_flash.o(i.HAL_FLASH_Lock), (20 bytes).
    Removing stm32f3xx_hal_flash.o(i.HAL_FLASH_OB_Launch), (24 bytes).
    Removing stm32f3xx_hal_flash.o(i.HAL_FLASH_OB_Lock), (20 bytes).
    Removing stm32f3xx_hal_flash.o(i.HAL_FLASH_OB_Unlock), (36 bytes).
    Removing stm32f3xx_hal_flash.o(i.HAL_FLASH_OperationErrorCallback), (2 bytes).
    Removing stm32f3xx_hal_flash.o(i.HAL_FLASH_Program), (144 bytes).
    Removing stm32f3xx_hal_flash.o(i.HAL_FLASH_Program_IT), (100 bytes).
    Removing stm32f3xx_hal_flash.o(i.HAL_FLASH_Unlock), (36 bytes).
    Removing stm32f3xx_hal_flash.o(.bss), (32 bytes).
    Removing stm32f3xx_hal_flash_ex.o(.rev16_text), (4 bytes).
    Removing stm32f3xx_hal_flash_ex.o(.revsh_text), (4 bytes).
    Removing stm32f3xx_hal_flash_ex.o(i.FLASH_MassErase), (28 bytes).
    Removing stm32f3xx_hal_flash_ex.o(i.FLASH_OB_DisableWRP), (156 bytes).
    Removing stm32f3xx_hal_flash_ex.o(i.FLASH_OB_EnableWRP), (156 bytes).
    Removing stm32f3xx_hal_flash_ex.o(i.HAL_FLASHEx_Erase), (164 bytes).
    Removing stm32f3xx_hal_flash_ex.o(i.HAL_FLASHEx_Erase_IT), (76 bytes).
    Removing stm32f3xx_hal_flash_ex.o(i.HAL_FLASHEx_OBErase), (96 bytes).
    Removing stm32f3xx_hal_flash_ex.o(i.HAL_FLASHEx_OBGetConfig), (36 bytes).
    Removing stm32f3xx_hal_flash_ex.o(i.HAL_FLASHEx_OBProgram), (208 bytes).
    Removing stm32f3xx_hal_gpio.o(.rev16_text), (4 bytes).
    Removing stm32f3xx_hal_gpio.o(.revsh_text), (4 bytes).
    Removing stm32f3xx_hal_gpio.o(i.HAL_GPIO_DeInit), (160 bytes).
    Removing stm32f3xx_hal_gpio.o(i.HAL_GPIO_EXTI_Callback), (2 bytes).
    Removing stm32f3xx_hal_gpio.o(i.HAL_GPIO_EXTI_IRQHandler), (24 bytes).
    Removing stm32f3xx_hal_gpio.o(i.HAL_GPIO_LockPin), (34 bytes).
    Removing stm32f3xx_hal_i2c.o(.rev16_text), (4 bytes).
    Removing stm32f3xx_hal_i2c.o(.revsh_text), (4 bytes).
    Removing stm32f3xx_hal_i2c.o(i.HAL_I2C_DeInit), (48 bytes).
    Removing stm32f3xx_hal_i2c.o(i.HAL_I2C_ER_IRQHandler), (130 bytes).
    Removing stm32f3xx_hal_i2c.o(i.HAL_I2C_EV_IRQHandler), (298 bytes).
    Removing stm32f3xx_hal_i2c.o(i.HAL_I2C_ErrorCallback), (2 bytes).
    Removing stm32f3xx_hal_i2c.o(i.HAL_I2C_GetError), (6 bytes).
    Removing stm32f3xx_hal_i2c.o(i.HAL_I2C_GetState), (6 bytes).
    Removing stm32f3xx_hal_i2c.o(i.HAL_I2C_Init), (168 bytes).
    Removing stm32f3xx_hal_i2c.o(i.HAL_I2C_IsDeviceReady), (292 bytes).
    Removing stm32f3xx_hal_i2c.o(i.HAL_I2C_MasterRxCpltCallback), (2 bytes).
    Removing stm32f3xx_hal_i2c.o(i.HAL_I2C_MasterTxCpltCallback), (2 bytes).
    Removing stm32f3xx_hal_i2c.o(i.HAL_I2C_Master_Receive), (244 bytes).
    Removing stm32f3xx_hal_i2c.o(i.HAL_I2C_Master_Receive_DMA), (188 bytes).
    Removing stm32f3xx_hal_i2c.o(i.HAL_I2C_Master_Receive_IT), (136 bytes).
    Removing stm32f3xx_hal_i2c.o(i.HAL_I2C_Master_Transmit), (244 bytes).
    Removing stm32f3xx_hal_i2c.o(i.HAL_I2C_Master_Transmit_DMA), (208 bytes).
    Removing stm32f3xx_hal_i2c.o(i.HAL_I2C_Master_Transmit_IT), (136 bytes).
    Removing stm32f3xx_hal_i2c.o(i.HAL_I2C_MemRxCpltCallback), (2 bytes).
    Removing stm32f3xx_hal_i2c.o(i.HAL_I2C_MemTxCpltCallback), (2 bytes).
    Removing stm32f3xx_hal_i2c.o(i.HAL_I2C_Mem_Read), (276 bytes).
    Removing stm32f3xx_hal_i2c.o(i.HAL_I2C_Mem_Read_DMA), (220 bytes).
    Removing stm32f3xx_hal_i2c.o(i.HAL_I2C_Mem_Read_IT), (164 bytes).
    Removing stm32f3xx_hal_i2c.o(i.HAL_I2C_Mem_Write), (272 bytes).
    Removing stm32f3xx_hal_i2c.o(i.HAL_I2C_Mem_Write_DMA), (232 bytes).
    Removing stm32f3xx_hal_i2c.o(i.HAL_I2C_Mem_Write_IT), (164 bytes).
    Removing stm32f3xx_hal_i2c.o(i.HAL_I2C_MspDeInit), (2 bytes).
    Removing stm32f3xx_hal_i2c.o(i.HAL_I2C_MspInit), (2 bytes).
    Removing stm32f3xx_hal_i2c.o(i.HAL_I2C_SlaveRxCpltCallback), (2 bytes).
    Removing stm32f3xx_hal_i2c.o(i.HAL_I2C_SlaveTxCpltCallback), (2 bytes).
    Removing stm32f3xx_hal_i2c.o(i.HAL_I2C_Slave_Receive), (240 bytes).
    Removing stm32f3xx_hal_i2c.o(i.HAL_I2C_Slave_Receive_DMA), (172 bytes).
    Removing stm32f3xx_hal_i2c.o(i.HAL_I2C_Slave_Receive_IT), (84 bytes).
    Removing stm32f3xx_hal_i2c.o(i.HAL_I2C_Slave_Transmit), (284 bytes).
    Removing stm32f3xx_hal_i2c.o(i.HAL_I2C_Slave_Transmit_DMA), (200 bytes).
    Removing stm32f3xx_hal_i2c.o(i.HAL_I2C_Slave_Transmit_IT), (84 bytes).
    Removing stm32f3xx_hal_i2c.o(i.I2C_DMAError), (42 bytes).
    Removing stm32f3xx_hal_i2c.o(i.I2C_DMAMasterReceiveCplt), (360 bytes).
    Removing stm32f3xx_hal_i2c.o(i.I2C_DMAMasterTransmitCplt), (336 bytes).
    Removing stm32f3xx_hal_i2c.o(i.I2C_DMAMemReceiveCplt), (360 bytes).
    Removing stm32f3xx_hal_i2c.o(i.I2C_DMAMemTransmitCplt), (336 bytes).
    Removing stm32f3xx_hal_i2c.o(i.I2C_DMASlaveReceiveCplt), (126 bytes).
    Removing stm32f3xx_hal_i2c.o(i.I2C_DMASlaveTransmitCplt), (114 bytes).
    Removing stm32f3xx_hal_i2c.o(i.I2C_IsAcknowledgeFailed), (156 bytes).
    Removing stm32f3xx_hal_i2c.o(i.I2C_MasterReceive_ISR), (272 bytes).
    Removing stm32f3xx_hal_i2c.o(i.I2C_MasterTransmit_ISR), (272 bytes).
    Removing stm32f3xx_hal_i2c.o(i.I2C_RequestMemoryRead), (100 bytes).
    Removing stm32f3xx_hal_i2c.o(i.I2C_RequestMemoryWrite), (100 bytes).
    Removing stm32f3xx_hal_i2c.o(i.I2C_SlaveReceive_ISR), (164 bytes).
    Removing stm32f3xx_hal_i2c.o(i.I2C_SlaveTransmit_ISR), (172 bytes).
    Removing stm32f3xx_hal_i2c.o(i.I2C_TransferConfig), (36 bytes).
    Removing stm32f3xx_hal_i2c.o(i.I2C_WaitOnFlagUntilTimeout), (106 bytes).
    Removing stm32f3xx_hal_i2c.o(i.I2C_WaitOnRXNEFlagUntilTimeout), (116 bytes).
    Removing stm32f3xx_hal_i2c.o(i.I2C_WaitOnSTOPFlagUntilTimeout), (78 bytes).
    Removing stm32f3xx_hal_i2c.o(i.I2C_WaitOnTXISFlagUntilTimeout), (82 bytes).
    Removing stm32f3xx_hal_i2c_ex.o(.rev16_text), (4 bytes).
    Removing stm32f3xx_hal_i2c_ex.o(.revsh_text), (4 bytes).
    Removing stm32f3xx_hal_i2c_ex.o(i.HAL_I2CEx_AnalogFilter_Config), (118 bytes).
    Removing stm32f3xx_hal_i2c_ex.o(i.HAL_I2CEx_DigitalFilter_Config), (114 bytes).
    Removing stm32f3xx_hal_i2c_ex.o(i.HAL_I2CEx_DisableWakeUp), (108 bytes).
    Removing stm32f3xx_hal_i2c_ex.o(i.HAL_I2CEx_EnableWakeUp), (108 bytes).
    Removing stm32f3xx_hal_pwr.o(.rev16_text), (4 bytes).
    Removing stm32f3xx_hal_pwr.o(.revsh_text), (4 bytes).
    Removing stm32f3xx_hal_pwr.o(i.HAL_PWR_DeInit), (24 bytes).
    Removing stm32f3xx_hal_pwr.o(i.HAL_PWR_DisableBkUpAccess), (28 bytes).
    Removing stm32f3xx_hal_pwr.o(i.HAL_PWR_DisableWakeUpPin), (36 bytes).
    Removing stm32f3xx_hal_pwr.o(i.HAL_PWR_EnableBkUpAccess), (24 bytes).
    Removing stm32f3xx_hal_pwr.o(i.HAL_PWR_EnableWakeUpPin), (36 bytes).
    Removing stm32f3xx_hal_pwr.o(i.HAL_PWR_EnterSLEEPMode), (48 bytes).
    Removing stm32f3xx_hal_pwr.o(i.HAL_PWR_EnterSTANDBYMode), (32 bytes).
    Removing stm32f3xx_hal_pwr.o(i.HAL_PWR_EnterSTOPMode), (56 bytes).
    Removing stm32f3xx_hal_pwr_ex.o(.rev16_text), (4 bytes).
    Removing stm32f3xx_hal_pwr_ex.o(.revsh_text), (4 bytes).
    Removing stm32f3xx_hal_pwr_ex.o(i.HAL_PWR_DisablePVD), (24 bytes).
    Removing stm32f3xx_hal_pwr_ex.o(i.HAL_PWR_EnablePVD), (24 bytes).
    Removing stm32f3xx_hal_pwr_ex.o(i.HAL_PWR_PVDCallback), (2 bytes).
    Removing stm32f3xx_hal_pwr_ex.o(i.HAL_PWR_PVDConfig), (124 bytes).
    Removing stm32f3xx_hal_pwr_ex.o(i.HAL_PWR_PVD_IRQHandler), (28 bytes).
    Removing stm32f3xx_hal_rcc.o(.rev16_text), (4 bytes).
    Removing stm32f3xx_hal_rcc.o(.revsh_text), (4 bytes).
    Removing stm32f3xx_hal_rcc.o(i.HAL_RCC_CCSCallback), (2 bytes).
    Removing stm32f3xx_hal_rcc.o(i.HAL_RCC_DeInit), (60 bytes).
    Removing stm32f3xx_hal_rcc.o(i.HAL_RCC_DisableCSS), (12 bytes).
    Removing stm32f3xx_hal_rcc.o(i.HAL_RCC_EnableCSS), (12 bytes).
    Removing stm32f3xx_hal_rcc.o(i.HAL_RCC_GetClockConfig), (64 bytes).
    Removing stm32f3xx_hal_rcc.o(i.HAL_RCC_GetOscConfig), (2 bytes).
    Removing stm32f3xx_hal_rcc.o(i.HAL_RCC_GetPCLK1Freq), (44 bytes).
    Removing stm32f3xx_hal_rcc.o(i.HAL_RCC_GetPCLK2Freq), (44 bytes).
    Removing stm32f3xx_hal_rcc.o(i.HAL_RCC_GetSysClockFreq), (4 bytes).
    Removing stm32f3xx_hal_rcc.o(i.HAL_RCC_MCOConfig), (64 bytes).
    Removing stm32f3xx_hal_rcc.o(i.HAL_RCC_NMI_IRQHandler), (24 bytes).
    Removing stm32f3xx_hal_rcc.o(i.HAL_RCC_OscConfig), (4 bytes).
    Removing stm32f3xx_hal_rcc_ex.o(.rev16_text), (4 bytes).
    Removing stm32f3xx_hal_rcc_ex.o(.revsh_text), (4 bytes).
    Removing stm32f3xx_hal_rcc_ex.o(i.HAL_RCCEx_GetPeriphCLKConfig), (188 bytes).
    Removing stm32f3xx_hal_rcc_ex.o(i.HAL_RCCEx_PeriphCLKConfig), (464 bytes).
    Removing stm32f3xx_hal_rcc_ex.o(i.HAL_RCC_GetOscConfig), (148 bytes).
    Removing stm32f3xx_hal_tim.o(.rev16_text), (4 bytes).
    Removing stm32f3xx_hal_tim.o(.revsh_text), (4 bytes).
    Removing stm32f3xx_hal_tim.o(i.HAL_TIM_Base_DeInit), (56 bytes).
    Removing stm32f3xx_hal_tim.o(i.HAL_TIM_Base_GetState), (6 bytes).
    Removing stm32f3xx_hal_tim.o(i.HAL_TIM_Base_MspDeInit), (2 bytes).
    Removing stm32f3xx_hal_tim.o(i.HAL_TIM_Base_MspInit), (2 bytes).
    Removing stm32f3xx_hal_tim.o(i.HAL_TIM_Base_Start), (26 bytes).
    Removing stm32f3xx_hal_tim.o(i.HAL_TIM_Base_Start_DMA), (92 bytes).
    Removing stm32f3xx_hal_tim.o(i.HAL_TIM_Base_Stop), (44 bytes).
    Removing stm32f3xx_hal_tim.o(i.HAL_TIM_Base_Stop_DMA), (48 bytes).
    Removing stm32f3xx_hal_tim.o(i.HAL_TIM_Base_Stop_IT), (42 bytes).
    Removing stm32f3xx_hal_tim.o(i.HAL_TIM_ConfigClockSource), (252 bytes).
    Removing stm32f3xx_hal_tim.o(i.HAL_TIM_ConfigOCrefClear), (170 bytes).
    Removing stm32f3xx_hal_tim.o(i.HAL_TIM_ConfigTI1Input), (16 bytes).
    Removing stm32f3xx_hal_tim.o(i.HAL_TIM_DMABurst_ReadStart), (260 bytes).
    Removing stm32f3xx_hal_tim.o(i.HAL_TIM_DMABurst_ReadStop), (96 bytes).
    Removing stm32f3xx_hal_tim.o(i.HAL_TIM_DMABurst_WriteStart), (260 bytes).
    Removing stm32f3xx_hal_tim.o(i.HAL_TIM_DMABurst_WriteStop), (96 bytes).
    Removing stm32f3xx_hal_tim.o(i.HAL_TIM_DMACaptureCplt), (62 bytes).
    Removing stm32f3xx_hal_tim.o(i.HAL_TIM_DMADelayPulseCplt), (62 bytes).
    Removing stm32f3xx_hal_tim.o(i.HAL_TIM_DMAError), (16 bytes).
    Removing stm32f3xx_hal_tim.o(i.HAL_TIM_Encoder_DeInit), (56 bytes).
    Removing stm32f3xx_hal_tim.o(i.HAL_TIM_Encoder_GetState), (6 bytes).
    Removing stm32f3xx_hal_tim.o(i.HAL_TIM_Encoder_MspDeInit), (2 bytes).
    Removing stm32f3xx_hal_tim.o(i.HAL_TIM_Encoder_MspInit), (2 bytes).
    Removing stm32f3xx_hal_tim.o(i.HAL_TIM_Encoder_Start_DMA), (272 bytes).
    Removing stm32f3xx_hal_tim.o(i.HAL_TIM_Encoder_Start_IT), (92 bytes).
    Removing stm32f3xx_hal_tim.o(i.HAL_TIM_Encoder_Stop), (70 bytes).
    Removing stm32f3xx_hal_tim.o(i.HAL_TIM_Encoder_Stop_DMA), (116 bytes).
    Removing stm32f3xx_hal_tim.o(i.HAL_TIM_Encoder_Stop_IT), (116 bytes).
    Removing stm32f3xx_hal_tim.o(i.HAL_TIM_ErrorCallback), (2 bytes).
    Removing stm32f3xx_hal_tim.o(i.HAL_TIM_GenerateEvent), (38 bytes).
    Removing stm32f3xx_hal_tim.o(i.HAL_TIM_IC_ConfigChannel), (286 bytes).
    Removing stm32f3xx_hal_tim.o(i.HAL_TIM_IC_DeInit), (56 bytes).
    Removing stm32f3xx_hal_tim.o(i.HAL_TIM_IC_GetState), (6 bytes).
    Removing stm32f3xx_hal_tim.o(i.HAL_TIM_IC_Init), (48 bytes).
    Removing stm32f3xx_hal_tim.o(i.HAL_TIM_IC_MspDeInit), (2 bytes).
    Removing stm32f3xx_hal_tim.o(i.HAL_TIM_IC_MspInit), (2 bytes).
    Removing stm32f3xx_hal_tim.o(i.HAL_TIM_IC_Start), (26 bytes).
    Removing stm32f3xx_hal_tim.o(i.HAL_TIM_IC_Start_DMA), (200 bytes).
    Removing stm32f3xx_hal_tim.o(i.HAL_TIM_IC_Start_IT), (76 bytes).
    Removing stm32f3xx_hal_tim.o(i.HAL_TIM_IC_Stop), (44 bytes).
    Removing stm32f3xx_hal_tim.o(i.HAL_TIM_IC_Stop_DMA), (100 bytes).
    Removing stm32f3xx_hal_tim.o(i.HAL_TIM_IC_Stop_IT), (94 bytes).
    Removing stm32f3xx_hal_tim.o(i.HAL_TIM_OC_ConfigChannel), (86 bytes).
    Removing stm32f3xx_hal_tim.o(i.HAL_TIM_OC_DeInit), (56 bytes).
    Removing stm32f3xx_hal_tim.o(i.HAL_TIM_OC_GetState), (6 bytes).
    Removing stm32f3xx_hal_tim.o(i.HAL_TIM_OC_Init), (48 bytes).
    Removing stm32f3xx_hal_tim.o(i.HAL_TIM_OC_MspDeInit), (2 bytes).
    Removing stm32f3xx_hal_tim.o(i.HAL_TIM_OC_MspInit), (2 bytes).
    Removing stm32f3xx_hal_tim.o(i.HAL_TIM_OC_Start), (88 bytes).
    Removing stm32f3xx_hal_tim.o(i.HAL_TIM_OC_Start_DMA), (268 bytes).
    Removing stm32f3xx_hal_tim.o(i.HAL_TIM_OC_Start_IT), (136 bytes).
    Removing stm32f3xx_hal_tim.o(i.HAL_TIM_OC_Stop), (116 bytes).
    Removing stm32f3xx_hal_tim.o(i.HAL_TIM_OC_Stop_DMA), (172 bytes).
    Removing stm32f3xx_hal_tim.o(i.HAL_TIM_OC_Stop_IT), (168 bytes).
    Removing stm32f3xx_hal_tim.o(i.HAL_TIM_OnePulse_ConfigChannel), (224 bytes).
    Removing stm32f3xx_hal_tim.o(i.HAL_TIM_OnePulse_DeInit), (56 bytes).
    Removing stm32f3xx_hal_tim.o(i.HAL_TIM_OnePulse_GetState), (6 bytes).
    Removing stm32f3xx_hal_tim.o(i.HAL_TIM_OnePulse_Init), (68 bytes).
    Removing stm32f3xx_hal_tim.o(i.HAL_TIM_OnePulse_MspDeInit), (2 bytes).
    Removing stm32f3xx_hal_tim.o(i.HAL_TIM_OnePulse_MspInit), (2 bytes).
    Removing stm32f3xx_hal_tim.o(i.HAL_TIM_OnePulse_Start), (88 bytes).
    Removing stm32f3xx_hal_tim.o(i.HAL_TIM_OnePulse_Start_IT), (108 bytes).
    Removing stm32f3xx_hal_tim.o(i.HAL_TIM_OnePulse_Stop), (128 bytes).
    Removing stm32f3xx_hal_tim.o(i.HAL_TIM_OnePulse_Stop_IT), (148 bytes).
    Removing stm32f3xx_hal_tim.o(i.HAL_TIM_PWM_ConfigChannel), (208 bytes).
    Removing stm32f3xx_hal_tim.o(i.HAL_TIM_PWM_DeInit), (56 bytes).
    Removing stm32f3xx_hal_tim.o(i.HAL_TIM_PWM_GetState), (6 bytes).
    Removing stm32f3xx_hal_tim.o(i.HAL_TIM_PWM_MspDeInit), (2 bytes).
    Removing stm32f3xx_hal_tim.o(i.HAL_TIM_PWM_MspInit), (2 bytes).
    Removing stm32f3xx_hal_tim.o(i.HAL_TIM_PWM_Start_DMA), (268 bytes).
    Removing stm32f3xx_hal_tim.o(i.HAL_TIM_PWM_Start_IT), (136 bytes).
    Removing stm32f3xx_hal_tim.o(i.HAL_TIM_PWM_Stop), (124 bytes).
    Removing stm32f3xx_hal_tim.o(i.HAL_TIM_PWM_Stop_DMA), (172 bytes).
    Removing stm32f3xx_hal_tim.o(i.HAL_TIM_PWM_Stop_IT), (168 bytes).
    Removing stm32f3xx_hal_tim.o(i.HAL_TIM_ReadCapturedValue), (68 bytes).
    Removing stm32f3xx_hal_tim.o(i.HAL_TIM_SlaveConfigSynchronization), (164 bytes).
    Removing stm32f3xx_hal_tim.o(i.TIM_DMAPeriodElapsedCplt), (16 bytes).
    Removing stm32f3xx_hal_tim.o(i.TIM_DMATriggerCplt), (16 bytes).
    Removing stm32f3xx_hal_tim.o(i.TIM_ETR_SetConfig), (20 bytes).
    Removing stm32f3xx_hal_tim.o(i.TIM_ITRx_SetConfig), (16 bytes).
    Removing stm32f3xx_hal_tim.o(i.TIM_TI1_ConfigInputStage), (34 bytes).
    Removing stm32f3xx_hal_tim.o(i.TIM_TI1_SetConfig), (108 bytes).
    Removing stm32f3xx_hal_tim.o(i.TIM_TI2_ConfigInputStage), (36 bytes).
    Removing stm32f3xx_hal_tim.o(i.TIM_TI2_SetConfig), (54 bytes).
    Removing stm32f3xx_hal_tim_ex.o(.rev16_text), (4 bytes).
    Removing stm32f3xx_hal_tim_ex.o(.revsh_text), (4 bytes).
    Removing stm32f3xx_hal_tim_ex.o(i.HAL_TIMEx_ConfigBreakDeadTime), (136 bytes).
    Removing stm32f3xx_hal_tim_ex.o(i.HAL_TIMEx_ConfigCommutationEvent), (92 bytes).
    Removing stm32f3xx_hal_tim_ex.o(i.HAL_TIMEx_ConfigCommutationEvent_DMA), (124 bytes).
    Removing stm32f3xx_hal_tim_ex.o(i.HAL_TIMEx_ConfigCommutationEvent_IT), (102 bytes).
    Removing stm32f3xx_hal_tim_ex.o(i.HAL_TIMEx_DMACommutationCplt), (16 bytes).
    Removing stm32f3xx_hal_tim_ex.o(i.HAL_TIMEx_GroupChannel5), (56 bytes).
    Removing stm32f3xx_hal_tim_ex.o(i.HAL_TIMEx_HallSensor_DeInit), (56 bytes).
    Removing stm32f3xx_hal_tim_ex.o(i.HAL_TIMEx_HallSensor_GetState), (6 bytes).
    Removing stm32f3xx_hal_tim_ex.o(i.HAL_TIMEx_HallSensor_Init), (180 bytes).
    Removing stm32f3xx_hal_tim_ex.o(i.HAL_TIMEx_HallSensor_MspDeInit), (2 bytes).
    Removing stm32f3xx_hal_tim_ex.o(i.HAL_TIMEx_HallSensor_MspInit), (2 bytes).
    Removing stm32f3xx_hal_tim_ex.o(i.HAL_TIMEx_HallSensor_Start), (28 bytes).
    Removing stm32f3xx_hal_tim_ex.o(i.HAL_TIMEx_HallSensor_Start_DMA), (104 bytes).
    Removing stm32f3xx_hal_tim_ex.o(i.HAL_TIMEx_HallSensor_Start_IT), (38 bytes).
    Removing stm32f3xx_hal_tim_ex.o(i.HAL_TIMEx_HallSensor_Stop), (46 bytes).
    Removing stm32f3xx_hal_tim_ex.o(i.HAL_TIMEx_HallSensor_Stop_DMA), (56 bytes).
    Removing stm32f3xx_hal_tim_ex.o(i.HAL_TIMEx_HallSensor_Stop_IT), (56 bytes).
    Removing stm32f3xx_hal_tim_ex.o(i.HAL_TIMEx_MasterConfigSynchronization), (88 bytes).
    Removing stm32f3xx_hal_tim_ex.o(i.HAL_TIMEx_OCN_Start), (36 bytes).
    Removing stm32f3xx_hal_tim_ex.o(i.HAL_TIMEx_OCN_Start_DMA), (220 bytes).
    Removing stm32f3xx_hal_tim_ex.o(i.HAL_TIMEx_OCN_Start_IT), (96 bytes).
    Removing stm32f3xx_hal_tim_ex.o(i.HAL_TIMEx_OCN_Stop), (68 bytes).
    Removing stm32f3xx_hal_tim_ex.o(i.HAL_TIMEx_OCN_Stop_DMA), (124 bytes).
    Removing stm32f3xx_hal_tim_ex.o(i.HAL_TIMEx_OCN_Stop_IT), (134 bytes).
    Removing stm32f3xx_hal_tim_ex.o(i.HAL_TIMEx_OnePulseN_Start), (26 bytes).
    Removing stm32f3xx_hal_tim_ex.o(i.HAL_TIMEx_OnePulseN_Start_IT), (46 bytes).
    Removing stm32f3xx_hal_tim_ex.o(i.HAL_TIMEx_OnePulseN_Stop), (68 bytes).
    Removing stm32f3xx_hal_tim_ex.o(i.HAL_TIMEx_OnePulseN_Stop_IT), (88 bytes).
    Removing stm32f3xx_hal_tim_ex.o(i.HAL_TIMEx_PWMN_Start), (36 bytes).
    Removing stm32f3xx_hal_tim_ex.o(i.HAL_TIMEx_PWMN_Start_DMA), (220 bytes).
    Removing stm32f3xx_hal_tim_ex.o(i.HAL_TIMEx_PWMN_Start_IT), (96 bytes).
    Removing stm32f3xx_hal_tim_ex.o(i.HAL_TIMEx_PWMN_Stop), (68 bytes).
    Removing stm32f3xx_hal_tim_ex.o(i.HAL_TIMEx_PWMN_Stop_DMA), (124 bytes).
    Removing stm32f3xx_hal_tim_ex.o(i.HAL_TIMEx_PWMN_Stop_IT), (134 bytes).
    Removing stm32f3xx_hal_tim_ex.o(i.HAL_TIMEx_RemapConfig), (36 bytes).
    Removing stm32f3xx_hal_tim_ex.o(i.HAL_TIM_ConfigOCrefClear), (252 bytes).
    Removing stm32f3xx_hal_tim_ex.o(i.HAL_TIM_OC_ConfigChannel), (114 bytes).
    Removing stm32f3xx_hal_tim_ex.o(i.TIM_CCxNChannelCmd), (22 bytes).
    Removing stm32f3xx_hal_uart.o(.rev16_text), (4 bytes).
    Removing stm32f3xx_hal_uart.o(.revsh_text), (4 bytes).
    Removing stm32f3xx_hal_uart.o(i.HAL_HalfDuplex_EnableReceiver), (56 bytes).
    Removing stm32f3xx_hal_uart.o(i.HAL_HalfDuplex_EnableTransmitter), (56 bytes).
    Removing stm32f3xx_hal_uart.o(i.HAL_HalfDuplex_Init), (110 bytes).
    Removing stm32f3xx_hal_uart.o(i.HAL_LIN_Init), (132 bytes).
    Removing stm32f3xx_hal_uart.o(i.HAL_LIN_SendBreak), (44 bytes).
    Removing stm32f3xx_hal_uart.o(i.HAL_MultiProcessor_DisableMuteMode), (42 bytes).
    Removing stm32f3xx_hal_uart.o(i.HAL_MultiProcessor_EnableMuteMode), (42 bytes).
    Removing stm32f3xx_hal_uart.o(i.HAL_MultiProcessor_EnterMuteMode), (12 bytes).
    Removing stm32f3xx_hal_uart.o(i.HAL_MultiProcessor_Init), (132 bytes).
    Removing stm32f3xx_hal_uart.o(i.HAL_UART_DMAPause), (78 bytes).
    Removing stm32f3xx_hal_uart.o(i.HAL_UART_DMAResume), (90 bytes).
    Removing stm32f3xx_hal_uart.o(i.HAL_UART_DMAStop), (80 bytes).
    Removing stm32f3xx_hal_uart.o(i.HAL_UART_DeInit), (62 bytes).
    Removing stm32f3xx_hal_uart.o(i.HAL_UART_ErrorCallback), (2 bytes).
    Removing stm32f3xx_hal_uart.o(i.HAL_UART_GetError), (6 bytes).
    Removing stm32f3xx_hal_uart.o(i.HAL_UART_GetState), (6 bytes).
    Removing stm32f3xx_hal_uart.o(i.HAL_UART_IRQHandler), (294 bytes).
    Removing stm32f3xx_hal_uart.o(i.HAL_UART_Init), (100 bytes).
    Removing stm32f3xx_hal_uart.o(i.HAL_UART_MspDeInit), (2 bytes).
    Removing stm32f3xx_hal_uart.o(i.HAL_UART_MspInit), (2 bytes).
    Removing stm32f3xx_hal_uart.o(i.HAL_UART_Receive), (232 bytes).
    Removing stm32f3xx_hal_uart.o(i.HAL_UART_Receive_DMA), (136 bytes).
    Removing stm32f3xx_hal_uart.o(i.HAL_UART_Receive_IT), (148 bytes).
    Removing stm32f3xx_hal_uart.o(i.HAL_UART_RxCpltCallback), (2 bytes).
    Removing stm32f3xx_hal_uart.o(i.HAL_UART_RxHalfCpltCallback), (2 bytes).
    Removing stm32f3xx_hal_uart.o(i.HAL_UART_Transmit), (192 bytes).
    Removing stm32f3xx_hal_uart.o(i.HAL_UART_Transmit_DMA), (136 bytes).
    Removing stm32f3xx_hal_uart.o(i.HAL_UART_Transmit_IT), (100 bytes).
    Removing stm32f3xx_hal_uart.o(i.HAL_UART_TxCpltCallback), (2 bytes).
    Removing stm32f3xx_hal_uart.o(i.HAL_UART_TxHalfCpltCallback), (2 bytes).
    Removing stm32f3xx_hal_uart.o(i.HAL_UART_WakeupCallback), (2 bytes).
    Removing stm32f3xx_hal_uart.o(i.UART_AdvFeatureConfig), (200 bytes).
    Removing stm32f3xx_hal_uart.o(i.UART_CheckIdleState), (80 bytes).
    Removing stm32f3xx_hal_uart.o(i.UART_DMAError), (38 bytes).
    Removing stm32f3xx_hal_uart.o(i.UART_DMAReceiveCplt), (46 bytes).
    Removing stm32f3xx_hal_uart.o(i.UART_DMARxHalfCplt), (10 bytes).
    Removing stm32f3xx_hal_uart.o(i.UART_DMATransmitCplt), (76 bytes).
    Removing stm32f3xx_hal_uart.o(i.UART_DMATxHalfCplt), (10 bytes).
    Removing stm32f3xx_hal_uart.o(i.UART_Receive_IT), (140 bytes).
    Removing stm32f3xx_hal_uart.o(i.UART_SetConfig), (456 bytes).
    Removing stm32f3xx_hal_uart.o(i.UART_Transmit_IT), (104 bytes).
    Removing stm32f3xx_hal_uart.o(i.UART_WaitOnFlagUntilTimeout), (146 bytes).
    Removing stm32f3xx_hal_uart.o(i.UART_Wakeup_AddressConfig), (30 bytes).
    Removing stm32f3xx_hal_uart_ex.o(.rev16_text), (4 bytes).
    Removing stm32f3xx_hal_uart_ex.o(.revsh_text), (4 bytes).
    Removing stm32f3xx_hal_uart_ex.o(i.HAL_MultiProcessorEx_AddressLength_Set), (48 bytes).
    Removing stm32f3xx_hal_uart_ex.o(i.HAL_RS485Ex_Init), (136 bytes).
    Removing stm32f3xx_hal_uart_ex.o(i.HAL_UARTEx_DisableStopMode), (44 bytes).
    Removing stm32f3xx_hal_uart_ex.o(i.HAL_UARTEx_EnableStopMode), (44 bytes).
    Removing stm32f3xx_hal_uart_ex.o(i.HAL_UARTEx_StopModeWakeUpSourceConfig), (104 bytes).
    Removing startup_stm32f303xc.o(HEAP), (512 bytes).
    Removing main.o(.rev16_text), (4 bytes).
    Removing main.o(.revsh_text), (4 bytes).
    Removing main.o(.data), (4 bytes).
    Removing main.o(.data), (4 bytes).
    Removing main.o(.data), (4 bytes).
    Removing main.o(.data), (4 bytes).
    Removing main.o(.data), (4 bytes).
    Removing main.o(.data), (4 bytes).
    Removing main.o(.data), (4 bytes).
    Removing main.o(.data), (4 bytes).
    Removing main.o(.data), (4 bytes).
    Removing main.o(.data), (4 bytes).
    Removing main.o(.data), (4 bytes).
    Removing main.o(.data), (4 bytes).
    Removing main.o(.data), (4 bytes).
    Removing main.o(.data), (4 bytes).
    Removing main.o(.data), (4 bytes).
    Removing main.o(.data), (4 bytes).
    Removing main.o(.data), (4 bytes).
    Removing main.o(.data), (4 bytes).
    Removing main.o(.data), (8 bytes).
    Removing main.o(.data), (4 bytes).
    Removing main.o(.data), (4 bytes).
    Removing main.o(.data), (2 bytes).
    Removing stm32f3xx_hal_msp.o(.rev16_text), (4 bytes).
    Removing stm32f3xx_hal_msp.o(.revsh_text), (4 bytes).
    Removing stm32f3xx_it.o(.rev16_text), (4 bytes).
    Removing stm32f3xx_it.o(.revsh_text), (4 bytes).

400 unused section(s) (total 31682 bytes) removed from the image.

==============================================================================

Image Symbol Table

    Local Symbols

    Symbol Name                              Value     Ov Type        Size  Object(Section)

    ../clib/microlib/init/entry.s            0x00000000   Number         0  entry10b.o ABSOLUTE
    ../clib/microlib/init/entry.s            0x00000000   Number         0  entry8b.o ABSOLUTE
    ../clib/microlib/init/entry.s            0x00000000   Number         0  entry8a.o ABSOLUTE
    ../clib/microlib/init/entry.s            0x00000000   Number         0  entry7b.o ABSOLUTE
    ../clib/microlib/init/entry.s            0x00000000   Number         0  entry7a.o ABSOLUTE
    ../clib/microlib/init/entry.s            0x00000000   Number         0  entry5.o ABSOLUTE
    ../clib/microlib/init/entry.s            0x00000000   Number         0  entry2.o ABSOLUTE
    ../clib/microlib/init/entry.s            0x00000000   Number         0  entry9b.o ABSOLUTE
    ../clib/microlib/init/entry.s            0x00000000   Number         0  entry.o ABSOLUTE
    ../clib/microlib/init/entry.s            0x00000000   Number         0  entry11b.o ABSOLUTE
    ../clib/microlib/init/entry.s            0x00000000   Number         0  entry11a.o ABSOLUTE
    ../clib/microlib/init/entry.s            0x00000000   Number         0  entry10a.o ABSOLUTE
    ../clib/microlib/init/entry.s            0x00000000   Number         0  entry9a.o ABSOLUTE
    ../clib/microlib/longlong.c              0x00000000   Number         0  llsshr.o ABSOLUTE
    ../clib/microlib/longlong.c              0x00000000   Number         0  llushr.o ABSOLUTE
    ../clib/microlib/longlong.c              0x00000000   Number         0  llshl.o ABSOLUTE
    ../clib/microlib/stubs.s                 0x00000000   Number         0  iusefp.o ABSOLUTE
    ../fplib/microlib/d2f.c                  0x00000000   Number         0  d2f.o ABSOLUTE
    ../fplib/microlib/f2d.c                  0x00000000   Number         0  f2d.o ABSOLUTE
    ../fplib/microlib/fpadd.c                0x00000000   Number         0  dadd.o ABSOLUTE
    ../fplib/microlib/fpepilogue.c           0x00000000   Number         0  fepilogue.o ABSOLUTE
    ../fplib/microlib/fpepilogue.c           0x00000000   Number         0  depilogue.o ABSOLUTE
    ..\..\..\..\..\..\Drivers\BSP\STM32F3-Discovery\stm32f3_discovery.c 0x00000000   Number         0  stm32f3_discovery.o ABSOLUTE
    ..\..\..\..\..\..\Drivers\STM32F3xx_HAL_Driver\Src\stm32f3xx_hal.c 0x00000000   Number         0  stm32f3xx_hal.o ABSOLUTE
    ..\..\..\..\..\..\Drivers\STM32F3xx_HAL_Driver\Src\stm32f3xx_hal_cortex.c 0x00000000   Number         0  stm32f3xx_hal_cortex.o ABSOLUTE
    ..\..\..\..\..\..\Drivers\STM32F3xx_HAL_Driver\Src\stm32f3xx_hal_dma.c 0x00000000   Number         0  stm32f3xx_hal_dma.o ABSOLUTE
    ..\..\..\..\..\..\Drivers\STM32F3xx_HAL_Driver\Src\stm32f3xx_hal_flash.c 0x00000000   Number         0  stm32f3xx_hal_flash.o ABSOLUTE
    ..\..\..\..\..\..\Drivers\STM32F3xx_HAL_Driver\Src\stm32f3xx_hal_flash_ex.c 0x00000000   Number         0  stm32f3xx_hal_flash_ex.o ABSOLUTE
    ..\..\..\..\..\..\Drivers\STM32F3xx_HAL_Driver\Src\stm32f3xx_hal_gpio.c 0x00000000   Number         0  stm32f3xx_hal_gpio.o ABSOLUTE
    ..\..\..\..\..\..\Drivers\STM32F3xx_HAL_Driver\Src\stm32f3xx_hal_i2c.c 0x00000000   Number         0  stm32f3xx_hal_i2c.o ABSOLUTE
    ..\..\..\..\..\..\Drivers\STM32F3xx_HAL_Driver\Src\stm32f3xx_hal_i2c_ex.c 0x00000000   Number         0  stm32f3xx_hal_i2c_ex.o ABSOLUTE
    ..\..\..\..\..\..\Drivers\STM32F3xx_HAL_Driver\Src\stm32f3xx_hal_pwr.c 0x00000000   Number         0  stm32f3xx_hal_pwr.o ABSOLUTE
    ..\..\..\..\..\..\Drivers\STM32F3xx_HAL_Driver\Src\stm32f3xx_hal_pwr_ex.c 0x00000000   Number         0  stm32f3xx_hal_pwr_ex.o ABSOLUTE
    ..\..\..\..\..\..\Drivers\STM32F3xx_HAL_Driver\Src\stm32f3xx_hal_rcc.c 0x00000000   Number         0  stm32f3xx_hal_rcc.o ABSOLUTE
    ..\..\..\..\..\..\Drivers\STM32F3xx_HAL_Driver\Src\stm32f3xx_hal_rcc_ex.c 0x00000000   Number         0  stm32f3xx_hal_rcc_ex.o ABSOLUTE
    ..\..\..\..\..\..\Drivers\STM32F3xx_HAL_Driver\Src\stm32f3xx_hal_tim.c 0x00000000   Number         0  stm32f3xx_hal_tim.o ABSOLUTE
    ..\..\..\..\..\..\Drivers\STM32F3xx_HAL_Driver\Src\stm32f3xx_hal_tim_ex.c 0x00000000   Number         0  stm32f3xx_hal_tim_ex.o ABSOLUTE
    ..\..\..\..\..\..\Drivers\STM32F3xx_HAL_Driver\Src\stm32f3xx_hal_uart.c 0x00000000   Number         0  stm32f3xx_hal_uart.o ABSOLUTE
    ..\..\..\..\..\..\Drivers\STM32F3xx_HAL_Driver\Src\stm32f3xx_hal_uart_ex.c 0x00000000   Number         0  stm32f3xx_hal_uart_ex.o ABSOLUTE
    ..\Src\main.c                            0x00000000   Number         0  main.o ABSOLUTE
    ..\Src\stm32f3xx_hal_msp.c               0x00000000   Number         0  stm32f3xx_hal_msp.o ABSOLUTE
    ..\Src\stm32f3xx_it.c                    0x00000000   Number         0  stm32f3xx_it.o ABSOLUTE
    ..\Src\system_stm32f3xx.c                0x00000000   Number         0  system_stm32f3xx.o ABSOLUTE
    ..\\..\\..\\..\\..\\..\\Drivers\\BSP\\STM32F3-Discovery\\stm32f3_discovery.c 0x00000000   Number         0  stm32f3_discovery.o ABSOLUTE
    ..\\..\\..\\..\\..\\..\\Drivers\\STM32F3xx_HAL_Driver\\Src\\stm32f3xx_hal.c 0x00000000   Number         0  stm32f3xx_hal.o ABSOLUTE
    ..\\..\\..\\..\\..\\..\\Drivers\\STM32F3xx_HAL_Driver\\Src\\stm32f3xx_hal_cortex.c 0x00000000   Number         0  stm32f3xx_hal_cortex.o ABSOLUTE
    ..\\..\\..\\..\\..\\..\\Drivers\\STM32F3xx_HAL_Driver\\Src\\stm32f3xx_hal_dma.c 0x00000000   Number         0  stm32f3xx_hal_dma.o ABSOLUTE
    ..\\..\\..\\..\\..\\..\\Drivers\\STM32F3xx_HAL_Driver\\Src\\stm32f3xx_hal_flash.c 0x00000000   Number         0  stm32f3xx_hal_flash.o ABSOLUTE
    ..\\..\\..\\..\\..\\..\\Drivers\\STM32F3xx_HAL_Driver\\Src\\stm32f3xx_hal_flash_ex.c 0x00000000   Number         0  stm32f3xx_hal_flash_ex.o ABSOLUTE
    ..\\..\\..\\..\\..\\..\\Drivers\\STM32F3xx_HAL_Driver\\Src\\stm32f3xx_hal_gpio.c 0x00000000   Number         0  stm32f3xx_hal_gpio.o ABSOLUTE
    ..\\..\\..\\..\\..\\..\\Drivers\\STM32F3xx_HAL_Driver\\Src\\stm32f3xx_hal_i2c.c 0x00000000   Number         0  stm32f3xx_hal_i2c.o ABSOLUTE
    ..\\..\\..\\..\\..\\..\\Drivers\\STM32F3xx_HAL_Driver\\Src\\stm32f3xx_hal_i2c_ex.c 0x00000000   Number         0  stm32f3xx_hal_i2c_ex.o ABSOLUTE
    ..\\..\\..\\..\\..\\..\\Drivers\\STM32F3xx_HAL_Driver\\Src\\stm32f3xx_hal_pwr.c 0x00000000   Number         0  stm32f3xx_hal_pwr.o ABSOLUTE
    ..\\..\\..\\..\\..\\..\\Drivers\\STM32F3xx_HAL_Driver\\Src\\stm32f3xx_hal_pwr_ex.c 0x00000000   Number         0  stm32f3xx_hal_pwr_ex.o ABSOLUTE
    ..\\..\\..\\..\\..\\..\\Drivers\\STM32F3xx_HAL_Driver\\Src\\stm32f3xx_hal_rcc.c 0x00000000   Number         0  stm32f3xx_hal_rcc.o ABSOLUTE
    ..\\..\\..\\..\\..\\..\\Drivers\\STM32F3xx_HAL_Driver\\Src\\stm32f3xx_hal_rcc_ex.c 0x00000000   Number         0  stm32f3xx_hal_rcc_ex.o ABSOLUTE
    ..\\..\\..\\..\\..\\..\\Drivers\\STM32F3xx_HAL_Driver\\Src\\stm32f3xx_hal_tim.c 0x00000000   Number         0  stm32f3xx_hal_tim.o ABSOLUTE
    ..\\..\\..\\..\\..\\..\\Drivers\\STM32F3xx_HAL_Driver\\Src\\stm32f3xx_hal_tim_ex.c 0x00000000   Number         0  stm32f3xx_hal_tim_ex.o ABSOLUTE
    ..\\..\\..\\..\\..\\..\\Drivers\\STM32F3xx_HAL_Driver\\Src\\stm32f3xx_hal_uart.c 0x00000000   Number         0  stm32f3xx_hal_uart.o ABSOLUTE
    ..\\..\\..\\..\\..\\..\\Drivers\\STM32F3xx_HAL_Driver\\Src\\stm32f3xx_hal_uart_ex.c 0x00000000   Number         0  stm32f3xx_hal_uart_ex.o ABSOLUTE
    ..\\Src\\main.c                          0x00000000   Number         0  main.o ABSOLUTE
    ..\\Src\\stm32f3xx_hal_msp.c             0x00000000   Number         0  stm32f3xx_hal_msp.o ABSOLUTE
    ..\\Src\\stm32f3xx_it.c                  0x00000000   Number         0  stm32f3xx_it.o ABSOLUTE
    ..\\Src\\system_stm32f3xx.c              0x00000000   Number         0  system_stm32f3xx.o ABSOLUTE
    dc.s                                     0x00000000   Number         0  dc.o ABSOLUTE
    handlers.s                               0x00000000   Number         0  handlers.o ABSOLUTE
    init.s                                   0x00000000   Number         0  init.o ABSOLUTE
    startup_stm32f303xc.s                    0x00000000   Number         0  startup_stm32f303xc.o ABSOLUTE
    RESET                                    0x08000000   Section      392  startup_stm32f303xc.o(RESET)
    .ARM.Collect$$$$00000000                 0x08000188   Section        0  entry.o(.ARM.Collect$$$$00000000)
    .ARM.Collect$$$$00000001                 0x08000188   Section        4  entry2.o(.ARM.Collect$$$$00000001)
    .ARM.Collect$$$$00000004                 0x0800018c   Section        4  entry5.o(.ARM.Collect$$$$00000004)
    .ARM.Collect$$$$00000008                 0x08000190   Section        0  entry7b.o(.ARM.Collect$$$$00000008)
    .ARM.Collect$$$$0000000A                 0x08000190   Section        0  entry8b.o(.ARM.Collect$$$$0000000A)
    .ARM.Collect$$$$0000000B                 0x08000190   Section        8  entry9a.o(.ARM.Collect$$$$0000000B)
    .ARM.Collect$$$$0000000D                 0x08000198   Section        0  entry10a.o(.ARM.Collect$$$$0000000D)
    .ARM.Collect$$$$0000000F                 0x08000198   Section        0  entry11a.o(.ARM.Collect$$$$0000000F)
    .ARM.Collect$$$$00002712                 0x08000198   Section        4  entry2.o(.ARM.Collect$$$$00002712)
    __lit__00000000                          0x08000198   Data           4  entry2.o(.ARM.Collect$$$$00002712)
    .text                                    0x0800019c   Section       36  startup_stm32f303xc.o(.text)
    $v0                                      0x0800019c   Number         0  startup_stm32f303xc.o(.text)
    .text                                    0x080001c0   Section        0  llushr.o(.text)
    .text                                    0x080001e0   Section        0  dadd.o(.text)
    .text                                    0x0800032e   Section        0  f2d.o(.text)
    .text                                    0x08000354   Section        0  d2f.o(.text)
    .text                                    0x0800038c   Section        0  llshl.o(.text)
    .text                                    0x080003aa   Section        0  llsshr.o(.text)
    .text                                    0x080003ce   Section        0  fepilogue.o(.text)
    .text                                    0x080003ce   Section        0  iusefp.o(.text)
    .text                                    0x0800043c   Section        0  depilogue.o(.text)
    .text                                    0x080004f8   Section       36  init.o(.text)
    i.BusFault_Handler                       0x0800051c   Section        0  stm32f3xx_it.o(i.BusFault_Handler)
    i.DebugMon_Handler                       0x0800051e   Section        0  stm32f3xx_it.o(i.DebugMon_Handler)
    i.GPIO_Init                              0x08000520   Section        0  main.o(i.GPIO_Init)
    i.HAL_GPIO_Init                          0x080005fc   Section        0  stm32f3xx_hal_gpio.o(i.HAL_GPIO_Init)
    i.HAL_GPIO_ReadPin                       0x08000780   Section        0  stm32f3xx_hal_gpio.o(i.HAL_GPIO_ReadPin)
    i.HAL_GPIO_TogglePin                     0x0800078a   Section        0  stm32f3xx_hal_gpio.o(i.HAL_GPIO_TogglePin)
    i.HAL_GPIO_WritePin                      0x08000792   Section        0  stm32f3xx_hal_gpio.o(i.HAL_GPIO_WritePin)
    i.HAL_GetTick                            0x0800079c   Section        0  stm32f3xx_hal.o(i.HAL_GetTick)
    i.HAL_IncTick                            0x080007a8   Section        0  stm32f3xx_hal.o(i.HAL_IncTick)
    i.HAL_Init                               0x080007b8   Section        0  stm32f3xx_hal.o(i.HAL_Init)
    i.HAL_InitTick                           0x080007dc   Section        0  stm32f3xx_hal.o(i.HAL_InitTick)
    i.HAL_MspInit                            0x080007fe   Section        0  stm32f3xx_hal.o(i.HAL_MspInit)
    i.HAL_NVIC_EnableIRQ                     0x08000800   Section        0  stm32f3xx_hal_cortex.o(i.HAL_NVIC_EnableIRQ)
    i.HAL_NVIC_SetPriority                   0x08000818   Section        0  stm32f3xx_hal_cortex.o(i.HAL_NVIC_SetPriority)
    i.HAL_NVIC_SetPriorityGrouping           0x08000858   Section        0  stm32f3xx_hal_cortex.o(i.HAL_NVIC_SetPriorityGrouping)
    i.HAL_RCC_ClockConfig                    0x0800087c   Section        0  stm32f3xx_hal_rcc.o(i.HAL_RCC_ClockConfig)
    i.HAL_RCC_GetHCLKFreq                    0x08000b04   Section        0  stm32f3xx_hal_rcc.o(i.HAL_RCC_GetHCLKFreq)
    i.HAL_RCC_GetSysClockFreq                0x08000b38   Section        0  stm32f3xx_hal_rcc_ex.o(i.HAL_RCC_GetSysClockFreq)
    i.HAL_RCC_OscConfig                      0x08000b9c   Section        0  stm32f3xx_hal_rcc_ex.o(i.HAL_RCC_OscConfig)
    i.HAL_SYSTICK_Config                     0x0800112c   Section        0  stm32f3xx_hal_cortex.o(i.HAL_SYSTICK_Config)
    i.HAL_TIMEx_BreakCallback                0x08001154   Section        0  stm32f3xx_hal_tim_ex.o(i.HAL_TIMEx_BreakCallback)
    i.HAL_TIMEx_CommutationCallback          0x08001156   Section        0  stm32f3xx_hal_tim_ex.o(i.HAL_TIMEx_CommutationCallback)
    i.HAL_TIM_Base_Init                      0x08001158   Section        0  stm32f3xx_hal_tim.o(i.HAL_TIM_Base_Init)
    i.HAL_TIM_Base_MspInit                   0x08001188   Section        0  stm32f3xx_hal_msp.o(i.HAL_TIM_Base_MspInit)
    i.HAL_TIM_Base_Start_IT                  0x080011dc   Section        0  stm32f3xx_hal_tim.o(i.HAL_TIM_Base_Start_IT)
    i.HAL_TIM_Encoder_Init                   0x080011f4   Section        0  stm32f3xx_hal_tim.o(i.HAL_TIM_Encoder_Init)
    i.HAL_TIM_Encoder_MspInit                0x08001288   Section        0  stm32f3xx_hal_msp.o(i.HAL_TIM_Encoder_MspInit)
    i.HAL_TIM_Encoder_Start                  0x080012ec   Section        0  stm32f3xx_hal_tim.o(i.HAL_TIM_Encoder_Start)
    i.HAL_TIM_IC_CaptureCallback             0x08001320   Section        0  stm32f3xx_hal_tim.o(i.HAL_TIM_IC_CaptureCallback)
    i.HAL_TIM_IRQHandler                     0x08001322   Section        0  stm32f3xx_hal_tim.o(i.HAL_TIM_IRQHandler)
    i.HAL_TIM_OC_DelayElapsedCallback        0x08001488   Section        0  stm32f3xx_hal_tim.o(i.HAL_TIM_OC_DelayElapsedCallback)
    i.HAL_TIM_PWM_ConfigChannel              0x0800148a   Section        0  stm32f3xx_hal_tim_ex.o(i.HAL_TIM_PWM_ConfigChannel)
    i.HAL_TIM_PWM_Init                       0x080015b2   Section        0  stm32f3xx_hal_tim.o(i.HAL_TIM_PWM_Init)
    i.HAL_TIM_PWM_MspInit                    0x080015e4   Section        0  stm32f3xx_hal_msp.o(i.HAL_TIM_PWM_MspInit)
    i.HAL_TIM_PWM_PulseFinishedCallback      0x0800165c   Section        0  stm32f3xx_hal_tim.o(i.HAL_TIM_PWM_PulseFinishedCallback)
    i.HAL_TIM_PWM_Start                      0x08001660   Section        0  stm32f3xx_hal_tim.o(i.HAL_TIM_PWM_Start)
    i.HAL_TIM_PeriodElapsedCallback          0x080016b8   Section        0  stm32f3xx_hal_tim.o(i.HAL_TIM_PeriodElapsedCallback)
    i.HAL_TIM_TriggerCallback                0x080016ba   Section        0  stm32f3xx_hal_tim.o(i.HAL_TIM_TriggerCallback)
    i.HardFault_Handler                      0x080016bc   Section        0  stm32f3xx_it.o(i.HardFault_Handler)
    i.Looptimer1_Int_Start                   0x080016c0   Section        0  main.o(i.Looptimer1_Int_Start)
    i.Looptimer2_Int_Start                   0x08001708   Section        0  main.o(i.Looptimer2_Int_Start)
    i.Looptimer3_Int_Start                   0x08001750   Section        0  main.o(i.Looptimer3_Int_Start)
    i.MemManage_Handler                      0x08001798   Section        0  stm32f3xx_it.o(i.MemManage_Handler)
    i.NMI_Handler                            0x0800179a   Section        0  stm32f3xx_it.o(i.NMI_Handler)
    i.NVIC_SetPriority                       0x0800179c   Section        0  stm32f3xx_hal_cortex.o(i.NVIC_SetPriority)
    NVIC_SetPriority                         0x0800179d   Thumb Code    32  stm32f3xx_hal_cortex.o(i.NVIC_SetPriority)
    i.PWM1_Init_Start                        0x080017bc   Section        0  main.o(i.PWM1_Init_Start)
    i.PWM1_Set_SingleEdge                    0x0800185c   Section        0  main.o(i.PWM1_Set_SingleEdge)
    i.PWM2_Init_Start                        0x080018cc   Section        0  main.o(i.PWM2_Init_Start)
    i.PWM2_Set_SingleEdge                    0x0800196c   Section        0  main.o(i.PWM2_Set_SingleEdge)
    i.PendSV_Handler                         0x080019dc   Section        0  stm32f3xx_it.o(i.PendSV_Handler)
    i.QEI1_GetPosition                       0x080019e0   Section        0  main.o(i.QEI1_GetPosition)
    i.QEI1_Init_Start                        0x080019f0   Section        0  main.o(i.QEI1_Init_Start)
    i.QEI1_Reset                             0x08001a34   Section        0  main.o(i.QEI1_Reset)
    i.QEI2_GetPosition                       0x08001a44   Section        0  main.o(i.QEI2_GetPosition)
    i.QEI2_Init_Start                        0x08001a54   Section        0  main.o(i.QEI2_Init_Start)
    i.QEI2_Reset                             0x08001a98   Section        0  main.o(i.QEI2_Reset)
    i.SVC_Handler                            0x08001aa8   Section        0  stm32f3xx_it.o(i.SVC_Handler)
    i.SysTick_Handler                        0x08001aaa   Section        0  stm32f3xx_it.o(i.SysTick_Handler)
    i.SystemInit                             0x08001ab0   Section        0  system_stm32f3xx.o(i.SystemInit)
    i.TIM1_BRK_TIM15_IRQHandler              0x08001b18   Section        0  stm32f3xx_it.o(i.TIM1_BRK_TIM15_IRQHandler)
    i.TIM1_UP_TIM16_IRQHandler               0x08001b30   Section        0  stm32f3xx_it.o(i.TIM1_UP_TIM16_IRQHandler)
    i.TIM7_IRQHandler                        0x08001b48   Section        0  stm32f3xx_it.o(i.TIM7_IRQHandler)
    i.TIM_Base_SetConfig                     0x08001e68   Section        0  stm32f3xx_hal_tim.o(i.TIM_Base_SetConfig)
    i.TIM_CCxChannelCmd                      0x08001f10   Section        0  stm32f3xx_hal_tim.o(i.TIM_CCxChannelCmd)
    i.TIM_OC1_SetConfig                      0x08001f28   Section        0  stm32f3xx_hal_tim.o(i.TIM_OC1_SetConfig)
    i.TIM_OC2_SetConfig                      0x08001fc4   Section        0  stm32f3xx_hal_tim.o(i.TIM_OC2_SetConfig)
    i.TIM_OC3_SetConfig                      0x08002054   Section        0  stm32f3xx_hal_tim.o(i.TIM_OC3_SetConfig)
    i.TIM_OC4_SetConfig                      0x080020e4   Section        0  stm32f3xx_hal_tim.o(i.TIM_OC4_SetConfig)
    i.TIM_OC5_SetConfig                      0x08002158   Section        0  stm32f3xx_hal_tim_ex.o(i.TIM_OC5_SetConfig)
    TIM_OC5_SetConfig                        0x08002159   Thumb Code    86  stm32f3xx_hal_tim_ex.o(i.TIM_OC5_SetConfig)
    i.TIM_OC6_SetConfig                      0x080021c8   Section        0  stm32f3xx_hal_tim_ex.o(i.TIM_OC6_SetConfig)
    TIM_OC6_SetConfig                        0x080021c9   Thumb Code    88  stm32f3xx_hal_tim_ex.o(i.TIM_OC6_SetConfig)
    i.UsageFault_Handler                     0x08002238   Section        0  stm32f3xx_it.o(i.UsageFault_Handler)
    i.__scatterload_copy                     0x0800223a   Section       14  handlers.o(i.__scatterload_copy)
    i.__scatterload_null                     0x08002248   Section        2  handlers.o(i.__scatterload_null)
    i.__scatterload_zeroinit                 0x0800224a   Section       14  handlers.o(i.__scatterload_zeroinit)
    i.loop1                                  0x08002258   Section        0  main.o(i.loop1)
    i.loop2                                  0x08002298   Section        0  main.o(i.loop2)
    i.main                                   0x080022f8   Section        0  main.o(i.main)
    .constdata                               0x08002474   Section       16  stm32f3xx_hal_rcc.o(.constdata)
    .constdata                               0x08002484   Section       32  stm32f3xx_hal_rcc_ex.o(.constdata)
    .data                                    0x20000000   Section       20  system_stm32f3xx.o(.data)
    .data                                    0x20000014   Section        4  stm32f3xx_hal.o(.data)
    uwTick                                   0x20000014   Data           4  stm32f3xx_hal.o(.data)
    .data                                    0x20000018   Section       56  main.o(.data)
    .bss                                     0x20000050   Section      484  main.o(.bss)
    STACK                                    0x20000238   Section     1024  startup_stm32f303xc.o(STACK)

    Global Symbols

    Symbol Name                              Value     Ov Type        Size  Object(Section)

    BuildAttributes$$THM_ISAv4$E$P$D$K$B$S$7EM$VFPi3$EXTD16$VFPS$VFMA$PE$A:L22UL41UL21$X:L11$S22US41US21$IEEE1$IW$USESV6$~STKCKD$USESV7$~SHL$OTIME$ROPI$EBA8$MICROLIB$REQ8$PRES8$EABIv2 0x00000000   Number         0  anon$$obj.o ABSOLUTE
    __ARM_use_no_argv                        0x00000000   Number         0  main.o ABSOLUTE
    __cpp_initialize__aeabi_                  - Undefined Weak Reference
    __cxa_finalize                            - Undefined Weak Reference
    __decompress                              - Undefined Weak Reference
    _clock_init                               - Undefined Weak Reference
    _microlib_exit                            - Undefined Weak Reference
    __Vectors_Size                           0x00000188   Number         0  startup_stm32f303xc.o ABSOLUTE
    __Vectors                                0x08000000   Data           4  startup_stm32f303xc.o(RESET)
    __Vectors_End                            0x08000188   Data           0  startup_stm32f303xc.o(RESET)
    __main                                   0x08000189   Thumb Code     0  entry.o(.ARM.Collect$$$$00000000)
    _main_stk                                0x08000189   Thumb Code     0  entry2.o(.ARM.Collect$$$$00000001)
    _main_scatterload                        0x0800018d   Thumb Code     0  entry5.o(.ARM.Collect$$$$00000004)
    __main_after_scatterload                 0x08000191   Thumb Code     0  entry5.o(.ARM.Collect$$$$00000004)
    _main_clock                              0x08000191   Thumb Code     0  entry7b.o(.ARM.Collect$$$$00000008)
    _main_cpp_init                           0x08000191   Thumb Code     0  entry8b.o(.ARM.Collect$$$$0000000A)
    _main_init                               0x08000191   Thumb Code     0  entry9a.o(.ARM.Collect$$$$0000000B)
    __rt_final_cpp                           0x08000199   Thumb Code     0  entry10a.o(.ARM.Collect$$$$0000000D)
    __rt_final_exit                          0x08000199   Thumb Code     0  entry11a.o(.ARM.Collect$$$$0000000F)
    Reset_Handler                            0x0800019d   Thumb Code     8  startup_stm32f303xc.o(.text)
    ADC1_2_IRQHandler                        0x080001b7   Thumb Code     0  startup_stm32f303xc.o(.text)
    ADC3_IRQHandler                          0x080001b7   Thumb Code     0  startup_stm32f303xc.o(.text)
    ADC4_IRQHandler                          0x080001b7   Thumb Code     0  startup_stm32f303xc.o(.text)
    CAN_RX1_IRQHandler                       0x080001b7   Thumb Code     0  startup_stm32f303xc.o(.text)
    CAN_SCE_IRQHandler                       0x080001b7   Thumb Code     0  startup_stm32f303xc.o(.text)
    COMP1_2_3_IRQHandler                     0x080001b7   Thumb Code     0  startup_stm32f303xc.o(.text)
    COMP4_5_6_IRQHandler                     0x080001b7   Thumb Code     0  startup_stm32f303xc.o(.text)
    COMP7_IRQHandler                         0x080001b7   Thumb Code     0  startup_stm32f303xc.o(.text)
    DMA1_Channel1_IRQHandler                 0x080001b7   Thumb Code     0  startup_stm32f303xc.o(.text)
    DMA1_Channel2_IRQHandler                 0x080001b7   Thumb Code     0  startup_stm32f303xc.o(.text)
    DMA1_Channel3_IRQHandler                 0x080001b7   Thumb Code     0  startup_stm32f303xc.o(.text)
    DMA1_Channel4_IRQHandler                 0x080001b7   Thumb Code     0  startup_stm32f303xc.o(.text)
    DMA1_Channel5_IRQHandler                 0x080001b7   Thumb Code     0  startup_stm32f303xc.o(.text)
    DMA1_Channel6_IRQHandler                 0x080001b7   Thumb Code     0  startup_stm32f303xc.o(.text)
    DMA1_Channel7_IRQHandler                 0x080001b7   Thumb Code     0  startup_stm32f303xc.o(.text)
    DMA2_Channel1_IRQHandler                 0x080001b7   Thumb Code     0  startup_stm32f303xc.o(.text)
    DMA2_Channel2_IRQHandler                 0x080001b7   Thumb Code     0  startup_stm32f303xc.o(.text)
    DMA2_Channel3_IRQHandler                 0x080001b7   Thumb Code     0  startup_stm32f303xc.o(.text)
    DMA2_Channel4_IRQHandler                 0x080001b7   Thumb Code     0  startup_stm32f303xc.o(.text)
    DMA2_Channel5_IRQHandler                 0x080001b7   Thumb Code     0  startup_stm32f303xc.o(.text)
    EXTI0_IRQHandler                         0x080001b7   Thumb Code     0  startup_stm32f303xc.o(.text)
    EXTI15_10_IRQHandler                     0x080001b7   Thumb Code     0  startup_stm32f303xc.o(.text)
    EXTI1_IRQHandler                         0x080001b7   Thumb Code     0  startup_stm32f303xc.o(.text)
    EXTI2_TSC_IRQHandler                     0x080001b7   Thumb Code     0  startup_stm32f303xc.o(.text)
    EXTI3_IRQHandler                         0x080001b7   Thumb Code     0  startup_stm32f303xc.o(.text)
    EXTI4_IRQHandler                         0x080001b7   Thumb Code     0  startup_stm32f303xc.o(.text)
    EXTI9_5_IRQHandler                       0x080001b7   Thumb Code     0  startup_stm32f303xc.o(.text)
    FLASH_IRQHandler                         0x080001b7   Thumb Code     0  startup_stm32f303xc.o(.text)
    FPU_IRQHandler                           0x080001b7   Thumb Code     0  startup_stm32f303xc.o(.text)
    I2C1_ER_IRQHandler                       0x080001b7   Thumb Code     0  startup_stm32f303xc.o(.text)
    I2C1_EV_IRQHandler                       0x080001b7   Thumb Code     0  startup_stm32f303xc.o(.text)
    I2C2_ER_IRQHandler                       0x080001b7   Thumb Code     0  startup_stm32f303xc.o(.text)
    I2C2_EV_IRQHandler                       0x080001b7   Thumb Code     0  startup_stm32f303xc.o(.text)
    PVD_IRQHandler                           0x080001b7   Thumb Code     0  startup_stm32f303xc.o(.text)
    RCC_IRQHandler                           0x080001b7   Thumb Code     0  startup_stm32f303xc.o(.text)
    RTC_Alarm_IRQHandler                     0x080001b7   Thumb Code     0  startup_stm32f303xc.o(.text)
    RTC_WKUP_IRQHandler                      0x080001b7   Thumb Code     0  startup_stm32f303xc.o(.text)
    SPI1_IRQHandler                          0x080001b7   Thumb Code     0  startup_stm32f303xc.o(.text)
    SPI2_IRQHandler                          0x080001b7   Thumb Code     0  startup_stm32f303xc.o(.text)
    SPI3_IRQHandler                          0x080001b7   Thumb Code     0  startup_stm32f303xc.o(.text)
    TAMP_STAMP_IRQHandler                    0x080001b7   Thumb Code     0  startup_stm32f303xc.o(.text)
    TIM1_CC_IRQHandler                       0x080001b7   Thumb Code     0  startup_stm32f303xc.o(.text)
    TIM1_TRG_COM_TIM17_IRQHandler            0x080001b7   Thumb Code     0  startup_stm32f303xc.o(.text)
    TIM2_IRQHandler                          0x080001b7   Thumb Code     0  startup_stm32f303xc.o(.text)
    TIM3_IRQHandler                          0x080001b7   Thumb Code     0  startup_stm32f303xc.o(.text)
    TIM4_IRQHandler                          0x080001b7   Thumb Code     0  startup_stm32f303xc.o(.text)
    TIM6_DAC_IRQHandler                      0x080001b7   Thumb Code     0  startup_stm32f303xc.o(.text)
    TIM8_BRK_IRQHandler                      0x080001b7   Thumb Code     0  startup_stm32f303xc.o(.text)
    TIM8_CC_IRQHandler                       0x080001b7   Thumb Code     0  startup_stm32f303xc.o(.text)
    TIM8_TRG_COM_IRQHandler                  0x080001b7   Thumb Code     0  startup_stm32f303xc.o(.text)
    TIM8_UP_IRQHandler                       0x080001b7   Thumb Code     0  startup_stm32f303xc.o(.text)
    UART4_IRQHandler                         0x080001b7   Thumb Code     0  startup_stm32f303xc.o(.text)
    UART5_IRQHandler                         0x080001b7   Thumb Code     0  startup_stm32f303xc.o(.text)
    USART1_IRQHandler                        0x080001b7   Thumb Code     0  startup_stm32f303xc.o(.text)
    USART2_IRQHandler                        0x080001b7   Thumb Code     0  startup_stm32f303xc.o(.text)
    USART3_IRQHandler                        0x080001b7   Thumb Code     0  startup_stm32f303xc.o(.text)
    USBWakeUp_IRQHandler                     0x080001b7   Thumb Code     0  startup_stm32f303xc.o(.text)
    USBWakeUp_RMP_IRQHandler                 0x080001b7   Thumb Code     0  startup_stm32f303xc.o(.text)
    USB_HP_CAN_TX_IRQHandler                 0x080001b7   Thumb Code     0  startup_stm32f303xc.o(.text)
    USB_HP_IRQHandler                        0x080001b7   Thumb Code     0  startup_stm32f303xc.o(.text)
    USB_LP_CAN_RX0_IRQHandler                0x080001b7   Thumb Code     0  startup_stm32f303xc.o(.text)
    USB_LP_IRQHandler                        0x080001b7   Thumb Code     0  startup_stm32f303xc.o(.text)
    WWDG_IRQHandler                          0x080001b7   Thumb Code     0  startup_stm32f303xc.o(.text)
    __aeabi_llsr                             0x080001c1   Thumb Code    32  llushr.o(.text)
    _ll_ushift_r                             0x080001c1   Thumb Code     0  llushr.o(.text)
    __aeabi_dadd                             0x080001e1   Thumb Code   322  dadd.o(.text)
    __aeabi_dsub                             0x08000323   Thumb Code     6  dadd.o(.text)
    __aeabi_drsub                            0x08000329   Thumb Code     6  dadd.o(.text)
    __aeabi_f2d                              0x0800032f   Thumb Code    38  f2d.o(.text)
    __aeabi_d2f                              0x08000355   Thumb Code    56  d2f.o(.text)
    __aeabi_llsl                             0x0800038d   Thumb Code    30  llshl.o(.text)
    _ll_shift_l                              0x0800038d   Thumb Code     0  llshl.o(.text)
    __aeabi_lasr                             0x080003ab   Thumb Code    36  llsshr.o(.text)
    _ll_sshift_r                             0x080003ab   Thumb Code     0  llsshr.o(.text)
    __I$use$fp                               0x080003cf   Thumb Code     0  iusefp.o(.text)
    _float_round                             0x080003cf   Thumb Code    18  fepilogue.o(.text)
    _float_epilogue                          0x080003e1   Thumb Code    92  fepilogue.o(.text)
    _double_round                            0x0800043d   Thumb Code    30  depilogue.o(.text)
    _double_epilogue                         0x0800045b   Thumb Code   156  depilogue.o(.text)
    __scatterload                            0x080004f9   Thumb Code    28  init.o(.text)
    __scatterload_rt2                        0x080004f9   Thumb Code     0  init.o(.text)
    BusFault_Handler                         0x0800051d   Thumb Code     2  stm32f3xx_it.o(i.BusFault_Handler)
    DebugMon_Handler                         0x0800051f   Thumb Code     2  stm32f3xx_it.o(i.DebugMon_Handler)
    GPIO_Init                                0x08000521   Thumb Code   206  main.o(i.GPIO_Init)
    HAL_GPIO_Init                            0x080005fd   Thumb Code   356  stm32f3xx_hal_gpio.o(i.HAL_GPIO_Init)
    HAL_GPIO_ReadPin                         0x08000781   Thumb Code    10  stm32f3xx_hal_gpio.o(i.HAL_GPIO_ReadPin)
    HAL_GPIO_TogglePin                       0x0800078b   Thumb Code     8  stm32f3xx_hal_gpio.o(i.HAL_GPIO_TogglePin)
    HAL_GPIO_WritePin                        0x08000793   Thumb Code    10  stm32f3xx_hal_gpio.o(i.HAL_GPIO_WritePin)
    HAL_GetTick                              0x0800079d   Thumb Code     6  stm32f3xx_hal.o(i.HAL_GetTick)
    HAL_IncTick                              0x080007a9   Thumb Code    10  stm32f3xx_hal.o(i.HAL_IncTick)
    HAL_Init                                 0x080007b9   Thumb Code    32  stm32f3xx_hal.o(i.HAL_Init)
    HAL_InitTick                             0x080007dd   Thumb Code    34  stm32f3xx_hal.o(i.HAL_InitTick)
    HAL_MspInit                              0x080007ff   Thumb Code     2  stm32f3xx_hal.o(i.HAL_MspInit)
    HAL_NVIC_EnableIRQ                       0x08000801   Thumb Code    22  stm32f3xx_hal_cortex.o(i.HAL_NVIC_EnableIRQ)
    HAL_NVIC_SetPriority                     0x08000819   Thumb Code    60  stm32f3xx_hal_cortex.o(i.HAL_NVIC_SetPriority)
    HAL_NVIC_SetPriorityGrouping             0x08000859   Thumb Code    26  stm32f3xx_hal_cortex.o(i.HAL_NVIC_SetPriorityGrouping)
    HAL_RCC_ClockConfig                      0x0800087d   Thumb Code   638  stm32f3xx_hal_rcc.o(i.HAL_RCC_ClockConfig)
    HAL_RCC_GetHCLKFreq                      0x08000b05   Thumb Code    38  stm32f3xx_hal_rcc.o(i.HAL_RCC_GetHCLKFreq)
    HAL_RCC_GetSysClockFreq                  0x08000b39   Thumb Code    84  stm32f3xx_hal_rcc_ex.o(i.HAL_RCC_GetSysClockFreq)
    HAL_RCC_OscConfig                        0x08000b9d   Thumb Code  1424  stm32f3xx_hal_rcc_ex.o(i.HAL_RCC_OscConfig)
    HAL_SYSTICK_Config                       0x0800112d   Thumb Code    40  stm32f3xx_hal_cortex.o(i.HAL_SYSTICK_Config)
    HAL_TIMEx_BreakCallback                  0x08001155   Thumb Code     2  stm32f3xx_hal_tim_ex.o(i.HAL_TIMEx_BreakCallback)
    HAL_TIMEx_CommutationCallback            0x08001157   Thumb Code     2  stm32f3xx_hal_tim_ex.o(i.HAL_TIMEx_CommutationCallback)
    HAL_TIM_Base_Init                        0x08001159   Thumb Code    48  stm32f3xx_hal_tim.o(i.HAL_TIM_Base_Init)
    HAL_TIM_Base_MspInit                     0x08001189   Thumb Code    80  stm32f3xx_hal_msp.o(i.HAL_TIM_Base_MspInit)
    HAL_TIM_Base_Start_IT                    0x080011dd   Thumb Code    24  stm32f3xx_hal_tim.o(i.HAL_TIM_Base_Start_IT)
    HAL_TIM_Encoder_Init                     0x080011f5   Thumb Code   144  stm32f3xx_hal_tim.o(i.HAL_TIM_Encoder_Init)
    HAL_TIM_Encoder_MspInit                  0x08001289   Thumb Code    92  stm32f3xx_hal_msp.o(i.HAL_TIM_Encoder_MspInit)
    HAL_TIM_Encoder_Start                    0x080012ed   Thumb Code    52  stm32f3xx_hal_tim.o(i.HAL_TIM_Encoder_Start)
    HAL_TIM_IC_CaptureCallback               0x08001321   Thumb Code     2  stm32f3xx_hal_tim.o(i.HAL_TIM_IC_CaptureCallback)
    HAL_TIM_IRQHandler                       0x08001323   Thumb Code   358  stm32f3xx_hal_tim.o(i.HAL_TIM_IRQHandler)
    HAL_TIM_OC_DelayElapsedCallback          0x08001489   Thumb Code     2  stm32f3xx_hal_tim.o(i.HAL_TIM_OC_DelayElapsedCallback)
    HAL_TIM_PWM_ConfigChannel                0x0800148b   Thumb Code   296  stm32f3xx_hal_tim_ex.o(i.HAL_TIM_PWM_ConfigChannel)
    HAL_TIM_PWM_Init                         0x080015b3   Thumb Code    48  stm32f3xx_hal_tim.o(i.HAL_TIM_PWM_Init)
    HAL_TIM_PWM_MspInit                      0x080015e5   Thumb Code   110  stm32f3xx_hal_msp.o(i.HAL_TIM_PWM_MspInit)
    HAL_TIM_PWM_PulseFinishedCallback        0x0800165d   Thumb Code     2  stm32f3xx_hal_tim.o(i.HAL_TIM_PWM_PulseFinishedCallback)
    HAL_TIM_PWM_Start                        0x08001661   Thumb Code    66  stm32f3xx_hal_tim.o(i.HAL_TIM_PWM_Start)
    HAL_TIM_PeriodElapsedCallback            0x080016b9   Thumb Code     2  stm32f3xx_hal_tim.o(i.HAL_TIM_PeriodElapsedCallback)
    HAL_TIM_TriggerCallback                  0x080016bb   Thumb Code     2  stm32f3xx_hal_tim.o(i.HAL_TIM_TriggerCallback)
    HardFault_Handler                        0x080016bd   Thumb Code     2  stm32f3xx_it.o(i.HardFault_Handler)
    Looptimer1_Int_Start                     0x080016c1   Thumb Code    56  main.o(i.Looptimer1_Int_Start)
    Looptimer2_Int_Start                     0x08001709   Thumb Code    56  main.o(i.Looptimer2_Int_Start)
    Looptimer3_Int_Start                     0x08001751   Thumb Code    56  main.o(i.Looptimer3_Int_Start)
    MemManage_Handler                        0x08001799   Thumb Code     2  stm32f3xx_it.o(i.MemManage_Handler)
    NMI_Handler                              0x0800179b   Thumb Code     2  stm32f3xx_it.o(i.NMI_Handler)
    PWM1_Init_Start                          0x080017bd   Thumb Code   140  main.o(i.PWM1_Init_Start)
    PWM1_Set_SingleEdge                      0x0800185d   Thumb Code   102  main.o(i.PWM1_Set_SingleEdge)
    PWM2_Init_Start                          0x080018cd   Thumb Code   142  main.o(i.PWM2_Init_Start)
    PWM2_Set_SingleEdge                      0x0800196d   Thumb Code   102  main.o(i.PWM2_Set_SingleEdge)
    PendSV_Handler                           0x080019dd   Thumb Code     2  stm32f3xx_it.o(i.PendSV_Handler)
    QEI1_GetPosition                         0x080019e1   Thumb Code    10  main.o(i.QEI1_GetPosition)
    QEI1_Init_Start                          0x080019f1   Thumb Code    60  main.o(i.QEI1_Init_Start)
    QEI1_Reset                               0x08001a35   Thumb Code    10  main.o(i.QEI1_Reset)
    QEI2_GetPosition                         0x08001a45   Thumb Code    10  main.o(i.QEI2_GetPosition)
    QEI2_Init_Start                          0x08001a55   Thumb Code    60  main.o(i.QEI2_Init_Start)
    QEI2_Reset                               0x08001a99   Thumb Code    10  main.o(i.QEI2_Reset)
    SVC_Handler                              0x08001aa9   Thumb Code     2  stm32f3xx_it.o(i.SVC_Handler)
    SysTick_Handler                          0x08001aab   Thumb Code     4  stm32f3xx_it.o(i.SysTick_Handler)
    SystemInit                               0x08001ab1   Thumb Code    82  system_stm32f3xx.o(i.SystemInit)
    TIM1_BRK_TIM15_IRQHandler                0x08001b19   Thumb Code    16  stm32f3xx_it.o(i.TIM1_BRK_TIM15_IRQHandler)
    TIM1_UP_TIM16_IRQHandler                 0x08001b31   Thumb Code    16  stm32f3xx_it.o(i.TIM1_UP_TIM16_IRQHandler)
    TIM7_IRQHandler                          0x08001b49   Thumb Code   760  stm32f3xx_it.o(i.TIM7_IRQHandler)
    TIM_Base_SetConfig                       0x08001e69   Thumb Code   138  stm32f3xx_hal_tim.o(i.TIM_Base_SetConfig)
    TIM_CCxChannelCmd                        0x08001f11   Thumb Code    22  stm32f3xx_hal_tim.o(i.TIM_CCxChannelCmd)
    TIM_OC1_SetConfig                        0x08001f29   Thumb Code   132  stm32f3xx_hal_tim.o(i.TIM_OC1_SetConfig)
    TIM_OC2_SetConfig                        0x08001fc5   Thumb Code   120  stm32f3xx_hal_tim.o(i.TIM_OC2_SetConfig)
    TIM_OC3_SetConfig                        0x08002055   Thumb Code   118  stm32f3xx_hal_tim.o(i.TIM_OC3_SetConfig)
    TIM_OC4_SetConfig                        0x080020e5   Thumb Code    92  stm32f3xx_hal_tim.o(i.TIM_OC4_SetConfig)
    UsageFault_Handler                       0x08002239   Thumb Code     2  stm32f3xx_it.o(i.UsageFault_Handler)
    __scatterload_copy                       0x0800223b   Thumb Code    14  handlers.o(i.__scatterload_copy)
    __scatterload_null                       0x08002249   Thumb Code     2  handlers.o(i.__scatterload_null)
    __scatterload_zeroinit                   0x0800224b   Thumb Code    14  handlers.o(i.__scatterload_zeroinit)
    loop1                                    0x08002259   Thumb Code    56  main.o(i.loop1)
    loop2                                    0x08002299   Thumb Code    82  main.o(i.loop2)
    main                                     0x080022f9   Thumb Code   360  main.o(i.main)
    APBAHBPrescTable                         0x08002474   Data          16  stm32f3xx_hal_rcc.o(.constdata)
    PLLMULFactorTable                        0x08002484   Data          16  stm32f3xx_hal_rcc_ex.o(.constdata)
    PredivFactorTable                        0x08002494   Data          16  stm32f3xx_hal_rcc_ex.o(.constdata)
    Region$$Table$$Base                      0x080024a4   Number         0  anon$$obj.o(Region$$Table)
    Region$$Table$$Limit                     0x080024c4   Number         0  anon$$obj.o(Region$$Table)
    SystemCoreClock                          0x20000000   Data           4  system_stm32f3xx.o(.data)
    AHBPrescTable                            0x20000004   Data          16  system_stm32f3xx.o(.data)
    CH_A2                                    0x20000018   Data           1  main.o(.data)
    CH_B2                                    0x20000019   Data           1  main.o(.data)
    Direct2                                  0x2000001a   Data           1  main.o(.data)
    LOOP1_flag                               0x2000001b   Data           1  main.o(.data)
    LOOP2_flag                               0x2000001c   Data           1  main.o(.data)
    Hall_1                                   0x2000001d   Data           1  main.o(.data)
    Hall_2                                   0x2000001e   Data           1  main.o(.data)
    Hall_State1                              0x2000001f   Data           1  main.o(.data)
    Hall_State2                              0x20000020   Data           1  main.o(.data)
    Ddirect1                                 0x20000021   Data           1  main.o(.data)
    Ddirect2                                 0x20000022   Data           1  main.o(.data)
    Pos_count1                               0x20000024   Data           2  main.o(.data)
    Pos_count2                               0x20000026   Data           2  main.o(.data)
    time1                                    0x20000028   Data           4  main.o(.data)
    Z_count2                                 0x2000002c   Data           4  main.o(.data)
    Uin1                                     0x20000030   Data           4  main.o(.data)
    Uin2                                     0x20000034   Data           4  main.o(.data)
    PWM_cycle                                0x20000038   Data           4  main.o(.data)
    Vin1                                     0x2000003c   Data           4  main.o(.data)
    Vin2                                     0x20000040   Data           4  main.o(.data)
    Ts                                       0x20000048   Data           8  main.o(.data)
    Tim3Handle                               0x20000050   Data          60  main.o(.bss)
    Tim2Handle                               0x2000008c   Data          60  main.o(.bss)
    Tim1Handle                               0x200000c8   Data          60  main.o(.bss)
    Tim4Handle                               0x20000104   Data          60  main.o(.bss)
    TimHandle1                               0x20000140   Data          60  main.o(.bss)
    TimHandle2                               0x2000017c   Data          60  main.o(.bss)
    TimHandle3                               0x200001b8   Data          60  main.o(.bss)
    sConfig                                  0x200001f4   Data          28  main.o(.bss)
    sConfigEncoder                           0x20000210   Data          36  main.o(.bss)
    __initial_sp                             0x20000638   Data           0  startup_stm32f303xc.o(STACK)



==============================================================================

Memory Map of the image

  Image Entry point : 0x08000189

  Load Region LR_IROM1 (Base: 0x08000000, Size: 0x00002514, Max: 0x00040000, ABSOLUTE)

    Execution Region ER_IROM1 (Base: 0x08000000, Size: 0x000024c4, Max: 0x00040000, ABSOLUTE)

    Base Addr    Size         Type   Attr      Idx    E Section Name        Object

    0x08000000   0x00000188   Data   RO         2567    RESET               startup_stm32f303xc.o
    0x08000188   0x00000000   Code   RO         2836  * .ARM.Collect$$$$00000000  mc_w.l(entry.o)
    0x08000188   0x00000004   Code   RO         2847    .ARM.Collect$$$$00000001  mc_w.l(entry2.o)
    0x0800018c   0x00000004   Code   RO         2850    .ARM.Collect$$$$00000004  mc_w.l(entry5.o)
    0x08000190   0x00000000   Code   RO         2852    .ARM.Collect$$$$00000008  mc_w.l(entry7b.o)
    0x08000190   0x00000000   Code   RO         2854    .ARM.Collect$$$$0000000A  mc_w.l(entry8b.o)
    0x08000190   0x00000008   Code   RO         2855    .ARM.Collect$$$$0000000B  mc_w.l(entry9a.o)
    0x08000198   0x00000000   Code   RO         2857    .ARM.Collect$$$$0000000D  mc_w.l(entry10a.o)
    0x08000198   0x00000000   Code   RO         2859    .ARM.Collect$$$$0000000F  mc_w.l(entry11a.o)
    0x08000198   0x00000004   Code   RO         2848    .ARM.Collect$$$$00002712  mc_w.l(entry2.o)
    0x0800019c   0x00000024   Code   RO         2568    .text               startup_stm32f303xc.o
    0x080001c0   0x00000020   Code   RO         2839    .text               mc_w.l(llushr.o)
    0x080001e0   0x0000014e   Code   RO         2841    .text               mf_w.l(dadd.o)
    0x0800032e   0x00000026   Code   RO         2843    .text               mf_w.l(f2d.o)
    0x08000354   0x00000038   Code   RO         2845    .text               mf_w.l(d2f.o)
    0x0800038c   0x0000001e   Code   RO         2861    .text               mc_w.l(llshl.o)
    0x080003aa   0x00000024   Code   RO         2863    .text               mc_w.l(llsshr.o)
    0x080003ce   0x00000000   Code   RO         2865    .text               mc_w.l(iusefp.o)
    0x080003ce   0x0000006e   Code   RO         2866    .text               mf_w.l(fepilogue.o)
    0x0800043c   0x000000ba   Code   RO         2868    .text               mf_w.l(depilogue.o)
    0x080004f6   0x00000002   PAD
    0x080004f8   0x00000024   Code   RO         2870    .text               mc_w.l(init.o)
    0x0800051c   0x00000002   Code   RO         2748    i.BusFault_Handler  stm32f3xx_it.o
    0x0800051e   0x00000002   Code   RO         2749    i.DebugMon_Handler  stm32f3xx_it.o
    0x08000520   0x000000dc   Code   RO         2574    i.GPIO_Init         main.o
    0x080005fc   0x00000184   Code   RO          706    i.HAL_GPIO_Init     stm32f3xx_hal_gpio.o
    0x08000780   0x0000000a   Code   RO          708    i.HAL_GPIO_ReadPin  stm32f3xx_hal_gpio.o
    0x0800078a   0x00000008   Code   RO          709    i.HAL_GPIO_TogglePin  stm32f3xx_hal_gpio.o
    0x08000792   0x0000000a   Code   RO          710    i.HAL_GPIO_WritePin  stm32f3xx_hal_gpio.o
    0x0800079c   0x0000000c   Code   RO          233    i.HAL_GetTick       stm32f3xx_hal.o
    0x080007a8   0x00000010   Code   RO          234    i.HAL_IncTick       stm32f3xx_hal.o
    0x080007b8   0x00000024   Code   RO          235    i.HAL_Init          stm32f3xx_hal.o
    0x080007dc   0x00000022   Code   RO          236    i.HAL_InitTick      stm32f3xx_hal.o
    0x080007fe   0x00000002   Code   RO          238    i.HAL_MspInit       stm32f3xx_hal.o
    0x08000800   0x00000016   Code   RO          354    i.HAL_NVIC_EnableIRQ  stm32f3xx_hal_cortex.o
    0x08000816   0x00000002   PAD
    0x08000818   0x00000040   Code   RO          360    i.HAL_NVIC_SetPriority  stm32f3xx_hal_cortex.o
    0x08000858   0x00000024   Code   RO          361    i.HAL_NVIC_SetPriorityGrouping  stm32f3xx_hal_cortex.o
    0x0800087c   0x00000288   Code   RO         1223    i.HAL_RCC_ClockConfig  stm32f3xx_hal_rcc.o
    0x08000b04   0x00000034   Code   RO         1228    i.HAL_RCC_GetHCLKFreq  stm32f3xx_hal_rcc.o
    0x08000b38   0x00000064   Code   RO         1326    i.HAL_RCC_GetSysClockFreq  stm32f3xx_hal_rcc_ex.o
    0x08000b9c   0x00000590   Code   RO         1327    i.HAL_RCC_OscConfig  stm32f3xx_hal_rcc_ex.o
    0x0800112c   0x00000028   Code   RO          365    i.HAL_SYSTICK_Config  stm32f3xx_hal_cortex.o
    0x08001154   0x00000002   Code   RO         1989    i.HAL_TIMEx_BreakCallback  stm32f3xx_hal_tim_ex.o
    0x08001156   0x00000002   Code   RO         1990    i.HAL_TIMEx_CommutationCallback  stm32f3xx_hal_tim_ex.o
    0x08001158   0x00000030   Code   RO         1372    i.HAL_TIM_Base_Init  stm32f3xx_hal_tim.o
    0x08001188   0x00000054   Code   RO         2716    i.HAL_TIM_Base_MspInit  stm32f3xx_hal_msp.o
    0x080011dc   0x00000018   Code   RO         1377    i.HAL_TIM_Base_Start_IT  stm32f3xx_hal_tim.o
    0x080011f4   0x00000094   Code   RO         1393    i.HAL_TIM_Encoder_Init  stm32f3xx_hal_tim.o
    0x08001288   0x00000064   Code   RO         2717    i.HAL_TIM_Encoder_MspInit  stm32f3xx_hal_msp.o
    0x080012ec   0x00000034   Code   RO         1396    i.HAL_TIM_Encoder_Start  stm32f3xx_hal_tim.o
    0x08001320   0x00000002   Code   RO         1404    i.HAL_TIM_IC_CaptureCallback  stm32f3xx_hal_tim.o
    0x08001322   0x00000166   Code   RO         1417    i.HAL_TIM_IRQHandler  stm32f3xx_hal_tim.o
    0x08001488   0x00000002   Code   RO         1420    i.HAL_TIM_OC_DelayElapsedCallback  stm32f3xx_hal_tim.o
    0x0800148a   0x00000128   Code   RO         2028    i.HAL_TIM_PWM_ConfigChannel  stm32f3xx_hal_tim_ex.o
    0x080015b2   0x00000030   Code   RO         1444    i.HAL_TIM_PWM_Init  stm32f3xx_hal_tim.o
    0x080015e2   0x00000002   PAD
    0x080015e4   0x00000078   Code   RO         2718    i.HAL_TIM_PWM_MspInit  stm32f3xx_hal_msp.o
    0x0800165c   0x00000002   Code   RO         1447    i.HAL_TIM_PWM_PulseFinishedCallback  stm32f3xx_hal_tim.o
    0x0800165e   0x00000002   PAD
    0x08001660   0x00000058   Code   RO         1448    i.HAL_TIM_PWM_Start  stm32f3xx_hal_tim.o
    0x080016b8   0x00000002   Code   RO         1454    i.HAL_TIM_PeriodElapsedCallback  stm32f3xx_hal_tim.o
    0x080016ba   0x00000002   Code   RO         1457    i.HAL_TIM_TriggerCallback  stm32f3xx_hal_tim.o
    0x080016bc   0x00000002   Code   RO         2750    i.HardFault_Handler  stm32f3xx_it.o
    0x080016be   0x00000002   PAD
    0x080016c0   0x00000048   Code   RO         2575    i.Looptimer1_Int_Start  main.o
    0x08001708   0x00000048   Code   RO         2576    i.Looptimer2_Int_Start  main.o
    0x08001750   0x00000048   Code   RO         2577    i.Looptimer3_Int_Start  main.o
    0x08001798   0x00000002   Code   RO         2751    i.MemManage_Handler  stm32f3xx_it.o
    0x0800179a   0x00000002   Code   RO         2752    i.NMI_Handler       stm32f3xx_it.o
    0x0800179c   0x00000020   Code   RO          367    i.NVIC_SetPriority  stm32f3xx_hal_cortex.o
    0x080017bc   0x000000a0   Code   RO         2578    i.PWM1_Init_Start   main.o
    0x0800185c   0x00000070   Code   RO         2579    i.PWM1_Set_SingleEdge  main.o
    0x080018cc   0x000000a0   Code   RO         2580    i.PWM2_Init_Start   main.o
    0x0800196c   0x00000070   Code   RO         2581    i.PWM2_Set_SingleEdge  main.o
    0x080019dc   0x00000002   Code   RO         2753    i.PendSV_Handler    stm32f3xx_it.o
    0x080019de   0x00000002   PAD
    0x080019e0   0x00000010   Code   RO         2582    i.QEI1_GetPosition  main.o
    0x080019f0   0x00000044   Code   RO         2583    i.QEI1_Init_Start   main.o
    0x08001a34   0x00000010   Code   RO         2584    i.QEI1_Reset        main.o
    0x08001a44   0x00000010   Code   RO         2585    i.QEI2_GetPosition  main.o
    0x08001a54   0x00000044   Code   RO         2586    i.QEI2_Init_Start   main.o
    0x08001a98   0x00000010   Code   RO         2587    i.QEI2_Reset        main.o
    0x08001aa8   0x00000002   Code   RO         2754    i.SVC_Handler       stm32f3xx_it.o
    0x08001aaa   0x00000004   Code   RO         2755    i.SysTick_Handler   stm32f3xx_it.o
    0x08001aae   0x00000002   PAD
    0x08001ab0   0x00000068   Code   RO          191    i.SystemInit        system_stm32f3xx.o
    0x08001b18   0x00000018   Code   RO         2756    i.TIM1_BRK_TIM15_IRQHandler  stm32f3xx_it.o
    0x08001b30   0x00000018   Code   RO         2757    i.TIM1_UP_TIM16_IRQHandler  stm32f3xx_it.o
    0x08001b48   0x00000320   Code   RO         2758    i.TIM7_IRQHandler   stm32f3xx_it.o
    0x08001e68   0x000000a8   Code   RO         1458    i.TIM_Base_SetConfig  stm32f3xx_hal_tim.o
    0x08001f10   0x00000016   Code   RO         1459    i.TIM_CCxChannelCmd  stm32f3xx_hal_tim.o
    0x08001f26   0x00000002   PAD
    0x08001f28   0x0000009c   Code   RO         1464    i.TIM_OC1_SetConfig  stm32f3xx_hal_tim.o
    0x08001fc4   0x00000090   Code   RO         1465    i.TIM_OC2_SetConfig  stm32f3xx_hal_tim.o
    0x08002054   0x00000090   Code   RO         1466    i.TIM_OC3_SetConfig  stm32f3xx_hal_tim.o
    0x080020e4   0x00000074   Code   RO         1467    i.TIM_OC4_SetConfig  stm32f3xx_hal_tim.o
    0x08002158   0x00000070   Code   RO         2030    i.TIM_OC5_SetConfig  stm32f3xx_hal_tim_ex.o
    0x080021c8   0x00000070   Code   RO         2031    i.TIM_OC6_SetConfig  stm32f3xx_hal_tim_ex.o
    0x08002238   0x00000002   Code   RO         2759    i.UsageFault_Handler  stm32f3xx_it.o
    0x0800223a   0x0000000e   Code   RO         2874    i.__scatterload_copy  mc_w.l(handlers.o)
    0x08002248   0x00000002   Code   RO         2875    i.__scatterload_null  mc_w.l(handlers.o)
    0x0800224a   0x0000000e   Code   RO         2876    i.__scatterload_zeroinit  mc_w.l(handlers.o)
    0x08002258   0x00000040   Code   RO         2588    i.loop1             main.o
    0x08002298   0x00000060   Code   RO         2589    i.loop2             main.o
    0x080022f8   0x0000017c   Code   RO         2590    i.main              main.o
    0x08002474   0x00000010   Data   RO         1236    .constdata          stm32f3xx_hal_rcc.o
    0x08002484   0x00000020   Data   RO         1328    .constdata          stm32f3xx_hal_rcc_ex.o
    0x080024a4   0x00000020   Data   RO         2872    Region$$Table       anon$$obj.o


    Execution Region RW_IRAM1 (Base: 0x20000000, Size: 0x00000638, Max: 0x0000a000, ABSOLUTE)

    Base Addr    Size         Type   Attr      Idx    E Section Name        Object

    0x20000000   0x00000014   Data   RW          192    .data               system_stm32f3xx.o
    0x20000014   0x00000004   Data   RW          241    .data               stm32f3xx_hal.o
    0x20000018   0x00000038   Data   RW         2598    .data               main.o
    0x20000050   0x000001e4   Zero   RW         2591    .bss                main.o
    0x20000234   0x00000004   PAD
    0x20000238   0x00000400   Zero   RW         2565    STACK               startup_stm32f303xc.o


==============================================================================

Image component sizes


      Code (inc. data)   RO Data    RW Data    ZI Data      Debug   Object Name

      1720        202          0         56        484      13831   main.o
        36          8        392          0       1024        860   startup_stm32f303xc.o
         0          0          0          0          0     298012   stm32f3_discovery.o
       100         16          0          4          0       4248   stm32f3xx_hal.o
       194         14          0          0          0      30439   stm32f3xx_hal_cortex.o
       416         32          0          0          0       4300   stm32f3xx_hal_gpio.o
       304         22          0          0          0       2347   stm32f3xx_hal_msp.o
       700         24         16          0          0       3027   stm32f3xx_hal_rcc.o
      1524         32         32          0          0       3560   stm32f3xx_hal_rcc_ex.o
      1526        154          0          0          0      14903   stm32f3xx_hal_tim.o
       524         50          0          0          0       4414   stm32f3xx_hal_tim_ex.o
       868        104          0          0          0       6975   stm32f3xx_it.o
       104         22          0         20          0       1297   system_stm32f3xx.o

    ----------------------------------------------------------------------
      8030        680        472         80       1512     388213   Object Totals
         0          0         32          0          0          0   (incl. Generated)
        14          0          0          0          4          0   (incl. Padding)

    ----------------------------------------------------------------------

      Code (inc. data)   RO Data    RW Data    ZI Data      Debug   Library Member Name

         0          0          0          0          0          0   entry.o
         0          0          0          0          0          0   entry10a.o
         0          0          0          0          0          0   entry11a.o
         8          4          0          0          0          0   entry2.o
         4          0          0          0          0          0   entry5.o
         0          0          0          0          0          0   entry7b.o
         0          0          0          0          0          0   entry8b.o
         8          4          0          0          0          0   entry9a.o
        30          0          0          0          0          0   handlers.o
        36          8          0          0          0         68   init.o
         0          0          0          0          0          0   iusefp.o
        30          0          0          0          0         68   llshl.o
        36          0          0          0          0         68   llsshr.o
        32          0          0          0          0         68   llushr.o
        56          0          0          0          0         88   d2f.o
       334          0          0          0          0        148   dadd.o
       186          0          0          0          0        176   depilogue.o
        38          0          0          0          0         68   f2d.o
       110          0          0          0          0        168   fepilogue.o

    ----------------------------------------------------------------------
       910         16          0          0          0        920   Library Totals
         2          0          0          0          0          0   (incl. Padding)

    ----------------------------------------------------------------------

      Code (inc. data)   RO Data    RW Data    ZI Data      Debug   Library Name

       184         16          0          0          0        272   mc_w.l
       724          0          0          0          0        648   mf_w.l

    ----------------------------------------------------------------------
       910         16          0          0          0        920   Library Totals

    ----------------------------------------------------------------------

==============================================================================


      Code (inc. data)   RO Data    RW Data    ZI Data      Debug   

      8940        696        472         80       1512     382325   Grand Totals
      8940        696        472         80       1512     382325   ELF Image Totals
      8940        696        472         80          0          0   ROM Totals

==============================================================================

    Total RO  Size (Code + RO Data)                 9412 (   9.19kB)
    Total RW  Size (RW Data + ZI Data)              1592 (   1.55kB)
    Total ROM Size (Code + RO Data + RW Data)       9492 (   9.27kB)

==============================================================================

