<html>
<body>
<pre>
<h1>µVision Build Log</h1>
<h2>Tool Versions:</h2>
IDE-Version: µVision V5.12.0.0
Copyright (C) 2014 ARM Ltd and ARM Germany GmbH. All rights reserved.
License Information: Jian Zhang, Purdue University, LIC=----
 
Tool Versions:
Toolchain:       MDK-Lite  Version: 5.12.0.0
Toolchain Path:  C:\Keil_v5\ARM\ARMCC\Bin
C Compiler:      Armcc.exe V5.05 (build 41)
Assembler:       Armasm.exe V5.05 (build 41)
Linker/Locator:  ArmLink.exe V5.05 (build 41)
Library Manager: ArmAr.exe V5.05 (build 41)
Hex Converter:   FromElf.exe V5.05 (build 41)
CPU DLL:         SARMCM3.DLL V5.12.0.0
Dialog DLL:      DCM.DLL V1.13.0.0
    Target DLL: STLink\ST-LINKIII-KEIL_SWO.dll
Dialog DLL:      TCM.DLL V1.14.2.0
 
<h2>Project:</h2>
\\psf\Home\Desktop\STM32F3\STM32Cube_FW_F3_V1.1.0\Projects\STM32F3-Discovery\Examples\TIM\BLDC_com_twin\MDK-ARM\Project.uvproj
Project File Date:  04/22/2015

<h2>Output:</h2>
Rebuild target 'STM32F3-Discovery'
compiling stm32f3_discovery.c...
compiling system_stm32f3xx.c...
compiling stm32f3xx_hal.c...
compiling stm32f3xx_hal_cortex.c...
compiling stm32f3xx_hal_dma.c...
compiling stm32f3xx_hal_flash.c...
compiling stm32f3xx_hal_flash_ex.c...
compiling stm32f3xx_hal_gpio.c...
compiling stm32f3xx_hal_i2c.c...
compiling stm32f3xx_hal_i2c_ex.c...
compiling stm32f3xx_hal_pwr.c...
compiling stm32f3xx_hal_pwr_ex.c...
compiling stm32f3xx_hal_rcc.c...
compiling stm32f3xx_hal_rcc_ex.c...
compiling stm32f3xx_hal_tim.c...
compiling stm32f3xx_hal_tim_ex.c...
compiling stm32f3xx_hal_uart.c...
compiling stm32f3xx_hal_uart_ex.c...
assembling startup_stm32f303xc.s...
compiling main.c...
compiling stm32f3xx_hal_msp.c...
compiling stm32f3xx_it.c...
linking...
Program Size: Code=8940 RO-data=472 RW-data=80 ZI-data=1512  
"STM32F3-Discovery\STM32F3-Discovery.axf" - 0 Error(s), 0 Warning(s).
Load "STM32F3-Discovery\\STM32F3-Discovery.axf" 
Erase Done.
Programming Done.
Verify OK.
</pre>
</body>
</html>
very\\STM32F3-Discovery.axf" 
Erase Done.
Programming Done.
Verify OK.
  Target DLL has been cancelled
Load "STM32F3-Discovery\\STM32F3-Discovery.axf" 
Set JLink Project File to "\\psf\Home\Desktop\STM32F3\STM32Cube_FW_F3_V1.1.0\Projects\STM32F3-Discovery\Examples\TIM\BLDC_com_twin\MDK-ARM\JLinkSettings.ini"
* JLink Info: Device "STM32F303CC" selected (256 KB flash, 32 KB RAM).
 
JLink info:
------------
DLL: V4.91b, compiled Sep 15 2014 09:17:56
Firmware: J-Link ARM V8 compiled Nov 28 2014 13:44:46
Hardware: V8.00
S/N : 17935099 
Feature(s) : RDI,FlashDL,FlashBP,JFlash 
 
* JLink Info: Found SWD-DP with ID 0x2BA01477
* JLink Info: Found SWD-DP with ID 0x2BA01477
* JLink Info: Found Cortex-M4 r0p1, Little endian.
* JLink Info: FPUnit: 6 code (BP) slots and 2 literal slots
* JLink Info: TPIU fitted.
* JLink Info: ETM fitted.
ROMTableAddr = 0xE00FF003
 
Target info:
------------
Device: STM32F303CC
VTarget = 3.319V
State of Pins: 
TCK: 0, TDI: 0, TDO: 0, TMS: 1, TRES: 1, TRST: 1
Hardware-Breakpoints: 6
Software-Breakpoints: 8192
Watchpoints:          4
JTAG speed: 2000 kHz
 
Erase Done.
Programming Done.
Verify OK.
ng Done.
Verify OK.
: RDI,FlashDL,FlashBP,JFlash 
 
* JLink Info: Found SWD-DP with ID 0x2BA01477
* JLink Info: Found SWD-DP with ID 0x2BA01477
* JLink Info: Found Cortex-M4 r0p1, Little endian.
* JLink Info: FPUnit: 6 code (BP) slots and 2 literal slots
* JLink Info: TPIU fitted.
* JLink Info: ETM fitted.
**JLink Warning: CPU could not be halted
Error: Flash Download failed  -  Target DLL has been cancelled
Load "STM32F3-Discovery\\STM32F3-Discovery.axf" 
Set JLink Project File to "\\psf\Home\Desktop\STM32F3\STM32Cube_FW_F3_V1.1.0\Projects\STM32F3-Discovery\Examples\TIM\BLDC_com_twin\MDK-ARM\JLinkSettings.ini"
* JLink Info: Device "STM32F303CC" selected (256 KB flash, 32 KB RAM).
 
JLink info:
------------
DLL: V4.91b, compiled Sep 15 2014 09:17:56
Firmware: J-Link ARM V8 compiled Nov 28 2014 13:44:46
Hardware: V8.00
S/N : 17935099 
Feature(s) : RDI,FlashDL,FlashBP,JFlash 
 
* JLink Info: Found SWD-DP with ID 0x2BA01477
* JLink Info: Found SWD-DP with ID 0x2BA01477
* JLink Info: Found Cortex-M4 r0p1, Little endian.
* JLink Info: FPUnit: 6 code (BP) slots and 2 literal slots
* JLink Info: TPIU fitted.
* JLink Info: ETM fitted.
**JLink Warning: CPU could not be halted
ROMTableAddr = 0xE00FF003
**JLink Warning: S_RESET_ST not cleared
**JLink Warning: CPU did not halt after reset.
**JLink Warning: CPU could not be halted
* JLink Info: Core did not halt after reset, trying to disable WDT.
**JLink Warning: CPU did not halt after reset.
**JLink Warning: CPU could not be halted
**JLink Warning: S_RESET_ST not cleared
* JLink Info: Found SWD-DP with ID 0x2BA01477
* JLink Info: Found Cortex-M4 r0p1, Little endian.
**JLink Warning: S_RESET_ST not cleared
**JLink Warning: CPU did not halt after reset.
**JLink Warning: CPU could not be halted
* JLink Info: Core did not halt after reset, trying to disable WDT.
**JLink Warning: CPU did not halt after reset.
**JLink Warning: CPU could not be halted
**JLink Warning: S_RESET_ST not cleared
**JLink Warning: CPU could not be halted
Error: Flash Download failed  -  Target DLL has been cancelled
Load "STM32F3-Discovery\\STM32F3-Discovery.axf" 
Set JLink Project File to "\\psf\Home\Desktop\STM32F3\STM32Cube_FW_F3_V1.1.0\Projects\STM32F3-Discovery\Examples\TIM\BLDC_com_twin\MDK-ARM\JLinkSettings.ini"
* JLink Info: Device "STM32F303CC" selected (256 KB flash, 32 KB RAM).
 
JLink info:
------------
DLL: V4.91b, compiled Sep 15 2014 09:17:56
Firmware: J-Link ARM V8 compiled Nov 28 2014 13:44:46
Hardware: V8.00
S/N : 17935099 
Feature(s) : RDI,FlashDL,FlashBP,JFlash 
 
* JLink Info: Found SWD-DP with ID 0x2BA01477
* JLink Info: Found SWD-DP with ID 0x2BA01477
* JLink Info: Found Cortex-M4 r0p1, Little endian.
* JLink Info: FPUnit: 6 code (BP) slots and 2 literal slots
* JLink Info: TPIU fitted.
* JLink Info: ETM fitted.
**JLink Warning: CPU could not be halted
ROMTableAddr = 0xE00FF003
 
Target info:
------------
Device: STM32F303CC
VTarget = 3.300V
State of Pins: 
TCK: 0, TDI: 0, TDO: 0, TMS: 1, TRES: 1, TRST: 1
Hardware-Breakpoints: 6
Software-Breakpoints: 8192
Watchpoints:          4
JTAG speed: 2000 kHz
 
Erase Done.
Programming Done.
Verify OK.
